-- Logs begin at Thu 2020-08-27 21:01:32 UTC, end at Thu 2020-08-27 21:19:59 UTC. --
Aug 27 21:01:32 localhost kernel: Linux version 4.18.0-193.el8.x86_64 (mockbuild@kbuilder.bsys.centos.org) (gcc version 8.3.1 20191121 (Red Hat 8.3.1-5) (GCC)) #1 SMP Fri May 8 10:59:10 UTC 2020
Aug 27 21:01:32 localhost kernel: Command line: BOOT_IMAGE=vmlinuz initrd=initrd.img inst.stage2=hd:LABEL=CentOS-8-2-2004-x86_64-dvd rd.live.check quiet
Aug 27 21:01:32 localhost kernel: x86/fpu: Supporting XSAVE feature 0x001: 'x87 floating point registers'
Aug 27 21:01:32 localhost kernel: x86/fpu: Supporting XSAVE feature 0x002: 'SSE registers'
Aug 27 21:01:32 localhost kernel: x86/fpu: Supporting XSAVE feature 0x004: 'AVX registers'
Aug 27 21:01:32 localhost kernel: x86/fpu: xstate_offset[2]:  576, xstate_sizes[2]:  256
Aug 27 21:01:32 localhost kernel: x86/fpu: Enabled xstate features 0x7, context size is 832 bytes, using 'standard' format.
Aug 27 21:01:32 localhost kernel: BIOS-provided physical RAM map:
Aug 27 21:01:32 localhost kernel: BIOS-e820: [mem 0x0000000000000000-0x000000000009fbff] usable
Aug 27 21:01:32 localhost kernel: BIOS-e820: [mem 0x000000000009fc00-0x000000000009ffff] reserved
Aug 27 21:01:32 localhost kernel: BIOS-e820: [mem 0x00000000000f0000-0x00000000000fffff] reserved
Aug 27 21:01:32 localhost kernel: BIOS-e820: [mem 0x0000000000100000-0x000000007ffeffff] usable
Aug 27 21:01:32 localhost kernel: BIOS-e820: [mem 0x000000007fff0000-0x000000007fffffff] ACPI data
Aug 27 21:01:32 localhost kernel: BIOS-e820: [mem 0x00000000fec00000-0x00000000fec00fff] reserved
Aug 27 21:01:32 localhost kernel: BIOS-e820: [mem 0x00000000fee00000-0x00000000fee00fff] reserved
Aug 27 21:01:32 localhost kernel: BIOS-e820: [mem 0x00000000fffc0000-0x00000000ffffffff] reserved
Aug 27 21:01:32 localhost kernel: NX (Execute Disable) protection: active
Aug 27 21:01:32 localhost kernel: SMBIOS 2.5 present.
Aug 27 21:01:32 localhost kernel: DMI: innotek GmbH VirtualBox/VirtualBox, BIOS VirtualBox 12/01/2006
Aug 27 21:01:32 localhost kernel: Hypervisor detected: KVM
Aug 27 21:01:32 localhost kernel: kvm-clock: Using msrs 4b564d01 and 4b564d00
Aug 27 21:01:32 localhost kernel: kvm-clock: cpu 0, msr 72a01001, primary cpu clock
Aug 27 21:01:32 localhost kernel: kvm-clock: using sched offset of 15367377516 cycles
Aug 27 21:01:32 localhost kernel: clocksource: kvm-clock: mask: 0xffffffffffffffff max_cycles: 0x1cd42e4dffb, max_idle_ns: 881590591483 ns
Aug 27 21:01:32 localhost kernel: tsc: Detected 2999.998 MHz processor
Aug 27 21:01:32 localhost kernel: e820: update [mem 0x00000000-0x00000fff] usable ==> reserved
Aug 27 21:01:32 localhost kernel: e820: remove [mem 0x000a0000-0x000fffff] usable
Aug 27 21:01:32 localhost kernel: last_pfn = 0x7fff0 max_arch_pfn = 0x400000000
Aug 27 21:01:32 localhost kernel: MTRR default type: uncachable
Aug 27 21:01:32 localhost kernel: MTRR variable ranges disabled:
Aug 27 21:01:32 localhost kernel: Disabled
Aug 27 21:01:32 localhost kernel: x86/PAT: MTRRs disabled, skipping PAT initialization too.
Aug 27 21:01:32 localhost kernel: CPU MTRRs all blank - virtualized system.
Aug 27 21:01:32 localhost kernel: x86/PAT: Configuration [0-7]: WB  WT  UC- UC  WB  WT  UC- UC  
Aug 27 21:01:32 localhost kernel: found SMP MP-table at [mem 0x0009fff0-0x0009ffff]
Aug 27 21:01:32 localhost kernel: BRK [0x72c01000, 0x72c01fff] PGTABLE
Aug 27 21:01:32 localhost kernel: BRK [0x72c02000, 0x72c02fff] PGTABLE
Aug 27 21:01:32 localhost kernel: BRK [0x72c03000, 0x72c03fff] PGTABLE
Aug 27 21:01:32 localhost kernel: BRK [0x72c04000, 0x72c04fff] PGTABLE
Aug 27 21:01:32 localhost kernel: BRK [0x72c05000, 0x72c05fff] PGTABLE
Aug 27 21:01:32 localhost kernel: BRK [0x72c06000, 0x72c06fff] PGTABLE
Aug 27 21:01:32 localhost kernel: RAMDISK: [mem 0x7c1d6000-0x7ffeffff]
Aug 27 21:01:32 localhost kernel: ACPI: Early table checksum verification disabled
Aug 27 21:01:32 localhost kernel: ACPI: RSDP 0x00000000000E0000 000024 (v02 VBOX  )
Aug 27 21:01:32 localhost kernel: ACPI: XSDT 0x000000007FFF0030 00003C (v01 VBOX   VBOXXSDT 00000001 ASL  00000061)
Aug 27 21:01:32 localhost kernel: ACPI: FACP 0x000000007FFF00F0 0000F4 (v04 VBOX   VBOXFACP 00000001 ASL  00000061)
Aug 27 21:01:32 localhost kernel: ACPI: DSDT 0x000000007FFF0470 002325 (v02 VBOX   VBOXBIOS 00000002 INTL 20100528)
Aug 27 21:01:32 localhost kernel: ACPI: FACS 0x000000007FFF0200 000040
Aug 27 21:01:32 localhost kernel: ACPI: FACS 0x000000007FFF0200 000040
Aug 27 21:01:32 localhost kernel: ACPI: APIC 0x000000007FFF0240 000054 (v02 VBOX   VBOXAPIC 00000001 ASL  00000061)
Aug 27 21:01:32 localhost kernel: ACPI: SSDT 0x000000007FFF02A0 0001CC (v01 VBOX   VBOXCPUT 00000002 INTL 20100528)
Aug 27 21:01:32 localhost kernel: ACPI: Local APIC address 0xfee00000
Aug 27 21:01:32 localhost kernel: No NUMA configuration found
Aug 27 21:01:32 localhost kernel: Faking a node at [mem 0x0000000000000000-0x000000007ffeffff]
Aug 27 21:01:32 localhost kernel: NODE_DATA(0) allocated [mem 0x7c1ac000-0x7c1d5fff]
Aug 27 21:01:32 localhost kernel: Zone ranges:
Aug 27 21:01:32 localhost kernel:   DMA      [mem 0x0000000000001000-0x0000000000ffffff]
Aug 27 21:01:32 localhost kernel:   DMA32    [mem 0x0000000001000000-0x000000007ffeffff]
Aug 27 21:01:32 localhost kernel:   Normal   empty
Aug 27 21:01:32 localhost kernel:   Device   empty
Aug 27 21:01:32 localhost kernel: Movable zone start for each node
Aug 27 21:01:32 localhost kernel: Early memory node ranges
Aug 27 21:01:32 localhost kernel:   node   0: [mem 0x0000000000001000-0x000000000009efff]
Aug 27 21:01:32 localhost kernel:   node   0: [mem 0x0000000000100000-0x000000007ffeffff]
Aug 27 21:01:32 localhost kernel: Zeroed struct page in unavailable ranges: 98 pages
Aug 27 21:01:32 localhost kernel: Initmem setup node 0 [mem 0x0000000000001000-0x000000007ffeffff]
Aug 27 21:01:32 localhost kernel: On node 0 totalpages: 524174
Aug 27 21:01:32 localhost kernel:   DMA zone: 64 pages used for memmap
Aug 27 21:01:32 localhost kernel:   DMA zone: 21 pages reserved
Aug 27 21:01:32 localhost kernel:   DMA zone: 3998 pages, LIFO batch:0
Aug 27 21:01:32 localhost kernel:   DMA32 zone: 8128 pages used for memmap
Aug 27 21:01:32 localhost kernel:   DMA32 zone: 520176 pages, LIFO batch:31
Aug 27 21:01:32 localhost kernel: ACPI: PM-Timer IO Port: 0x4008
Aug 27 21:01:32 localhost kernel: ACPI: Local APIC address 0xfee00000
Aug 27 21:01:32 localhost kernel: IOAPIC[0]: apic_id 1, version 32, address 0xfec00000, GSI 0-23
Aug 27 21:01:32 localhost kernel: ACPI: INT_SRC_OVR (bus 0 bus_irq 0 global_irq 2 dfl dfl)
Aug 27 21:01:32 localhost kernel: ACPI: INT_SRC_OVR (bus 0 bus_irq 9 global_irq 9 low level)
Aug 27 21:01:32 localhost kernel: ACPI: IRQ0 used by override.
Aug 27 21:01:32 localhost kernel: ACPI: IRQ9 used by override.
Aug 27 21:01:32 localhost kernel: Using ACPI (MADT) for SMP configuration information
Aug 27 21:01:32 localhost kernel: smpboot: Allowing 1 CPUs, 0 hotplug CPUs
Aug 27 21:01:32 localhost kernel: PM: Registered nosave memory: [mem 0x00000000-0x00000fff]
Aug 27 21:01:32 localhost kernel: PM: Registered nosave memory: [mem 0x0009f000-0x0009ffff]
Aug 27 21:01:32 localhost kernel: PM: Registered nosave memory: [mem 0x000a0000-0x000effff]
Aug 27 21:01:32 localhost kernel: PM: Registered nosave memory: [mem 0x000f0000-0x000fffff]
Aug 27 21:01:32 localhost kernel: [mem 0x80000000-0xfebfffff] available for PCI devices
Aug 27 21:01:32 localhost kernel: Booting paravirtualized kernel on KVM
Aug 27 21:01:32 localhost kernel: clocksource: refined-jiffies: mask: 0xffffffff max_cycles: 0xffffffff, max_idle_ns: 1910969940391419 ns
Aug 27 21:01:32 localhost kernel: setup_percpu: NR_CPUS:8192 nr_cpumask_bits:1 nr_cpu_ids:1 nr_node_ids:1
Aug 27 21:01:32 localhost kernel: percpu: Embedded 53 pages/cpu s180224 r8192 d28672 u2097152
Aug 27 21:01:32 localhost kernel: pcpu-alloc: s180224 r8192 d28672 u2097152 alloc=1*2097152
Aug 27 21:01:32 localhost kernel: pcpu-alloc: [0] 0 
Aug 27 21:01:32 localhost kernel: Built 1 zonelists, mobility grouping on.  Total pages: 515961
Aug 27 21:01:32 localhost kernel: Policy zone: DMA32
Aug 27 21:01:32 localhost kernel: Kernel command line: BOOT_IMAGE=vmlinuz initrd=initrd.img inst.stage2=hd:LABEL=CentOS-8-2-2004-x86_64-dvd rd.live.check quiet
Aug 27 21:01:32 localhost kernel: Specific versions of hardware are certified with Red Hat Enterprise Linux 8. Please see the list of hardware certified with Red Hat Enterprise Linux 8 at https://access.redhat.com/ecosystem.
Aug 27 21:01:32 localhost kernel: Memory: 261668K/2096696K available (12292K kernel code, 2151K rwdata, 3848K rodata, 2404K init, 6476K bss, 132104K reserved, 0K cma-reserved)
Aug 27 21:01:32 localhost kernel: SLUB: HWalign=64, Order=0-3, MinObjects=0, CPUs=1, Nodes=1
Aug 27 21:01:32 localhost kernel: Kernel/User page tables isolation: enabled
Aug 27 21:01:32 localhost kernel: ftrace: allocating 36334 entries in 142 pages
Aug 27 21:01:32 localhost kernel: rcu: Hierarchical RCU implementation.
Aug 27 21:01:32 localhost kernel: rcu:         RCU restricting CPUs from NR_CPUS=8192 to nr_cpu_ids=1.
Aug 27 21:01:32 localhost kernel: rcu: RCU calculated value of scheduler-enlistment delay is 100 jiffies.
Aug 27 21:01:32 localhost kernel: rcu: Adjusting geometry for rcu_fanout_leaf=16, nr_cpu_ids=1
Aug 27 21:01:32 localhost kernel: NR_IRQS: 524544, nr_irqs: 256, preallocated irqs: 16
Aug 27 21:01:32 localhost kernel: random: get_random_bytes called from start_kernel+0x36b/0x55b with crng_init=0
Aug 27 21:01:32 localhost kernel: Console: colour VGA+ 80x25
Aug 27 21:01:32 localhost kernel: printk: console [tty0] enabled
Aug 27 21:01:32 localhost kernel: ACPI: Core revision 20190703
Aug 27 21:01:32 localhost kernel: APIC: Switch to symmetric I/O mode setup
Aug 27 21:01:32 localhost kernel: x2apic enabled
Aug 27 21:01:32 localhost kernel: Switched APIC routing to physical x2apic.
Aug 27 21:01:32 localhost kernel: ..TIMER: vector=0x30 apic1=0 pin1=2 apic2=-1 pin2=-1
Aug 27 21:01:32 localhost kernel: clocksource: tsc-early: mask: 0xffffffffffffffff max_cycles: 0x2b3e43c8763, max_idle_ns: 440795360101 ns
Aug 27 21:01:32 localhost kernel: Calibrating delay loop (skipped) preset value.. 5999.99 BogoMIPS (lpj=2999998)
Aug 27 21:01:32 localhost kernel: pid_max: default: 32768 minimum: 301
Aug 27 21:01:32 localhost kernel: Security Framework initialized
Aug 27 21:01:32 localhost kernel: Yama: becoming mindful.
Aug 27 21:01:32 localhost kernel: SELinux:  Initializing.
Aug 27 21:01:32 localhost kernel: Dentry cache hash table entries: 262144 (order: 9, 2097152 bytes)
Aug 27 21:01:32 localhost kernel: Inode-cache hash table entries: 131072 (order: 8, 1048576 bytes)
Aug 27 21:01:32 localhost kernel: Mount-cache hash table entries: 4096 (order: 3, 32768 bytes)
Aug 27 21:01:32 localhost kernel: Mountpoint-cache hash table entries: 4096 (order: 3, 32768 bytes)
Aug 27 21:01:32 localhost kernel: process: using mwait in idle threads
Aug 27 21:01:32 localhost kernel: Last level iTLB entries: 4KB 128, 2MB 8, 4MB 8
Aug 27 21:01:32 localhost kernel: Last level dTLB entries: 4KB 64, 2MB 0, 4MB 0, 1GB 4
Aug 27 21:01:32 localhost kernel: FEATURE SPEC_CTRL Not Present
Aug 27 21:01:32 localhost kernel: FEATURE IBPB_SUPPORT Not Present
Aug 27 21:01:32 localhost kernel: Spectre V1 : Mitigation: usercopy/swapgs barriers and __user pointer sanitization
Aug 27 21:01:32 localhost kernel: Spectre V2 : Mitigation: Full generic retpoline
Aug 27 21:01:32 localhost kernel: Spectre V2 : Spectre v2 / SpectreRSB mitigation: Filling RSB on context switch
Aug 27 21:01:32 localhost kernel: Speculative Store Bypass: Vulnerable
Aug 27 21:01:32 localhost kernel: MDS: Vulnerable: Clear CPU buffers attempted, no microcode
Aug 27 21:01:32 localhost kernel: Freeing SMP alternatives memory: 32K
Aug 27 21:01:32 localhost kernel: smpboot: CPU0: Intel(R) Core(TM) i5-7400 CPU @ 3.00GHz (family: 0x6, model: 0x9e, stepping: 0x9)
Aug 27 21:01:32 localhost kernel: Performance Events: unsupported p6 CPU model 158 no PMU driver, software events only.
Aug 27 21:01:32 localhost kernel: rcu: Hierarchical SRCU implementation.
Aug 27 21:01:32 localhost kernel: NMI watchdog: Perf NMI watchdog permanently disabled
Aug 27 21:01:32 localhost kernel: smp: Bringing up secondary CPUs ...
Aug 27 21:01:32 localhost kernel: smp: Brought up 1 node, 1 CPU
Aug 27 21:01:32 localhost kernel: smpboot: Max logical packages: 1
Aug 27 21:01:32 localhost kernel: smpboot: Total of 1 processors activated (5999.99 BogoMIPS)
Aug 27 21:01:32 localhost kernel: node 0 initialised, 425731 pages in 1ms
Aug 27 21:01:32 localhost kernel: devtmpfs: initialized
Aug 27 21:01:32 localhost kernel: x86/mm: Memory block size: 128MB
Aug 27 21:01:32 localhost kernel: clocksource: jiffies: mask: 0xffffffff max_cycles: 0xffffffff, max_idle_ns: 1911260446275000 ns
Aug 27 21:01:32 localhost kernel: futex hash table entries: 256 (order: 2, 16384 bytes)
Aug 27 21:01:32 localhost kernel: pinctrl core: initialized pinctrl subsystem
Aug 27 21:01:32 localhost kernel: NET: Registered protocol family 16
Aug 27 21:01:32 localhost kernel: audit: initializing netlink subsys (disabled)
Aug 27 21:01:32 localhost kernel: cpuidle: using governor menu
Aug 27 21:01:32 localhost kernel: ACPI: bus type PCI registered
Aug 27 21:01:32 localhost kernel: acpiphp: ACPI Hot Plug PCI Controller Driver version: 0.5
Aug 27 21:01:32 localhost kernel: PCI: Using configuration type 1 for base access
Aug 27 21:01:32 localhost kernel: audit: type=2000 audit(1598562102.867:1): state=initialized audit_enabled=0 res=1
Aug 27 21:01:32 localhost kernel: HugeTLB registered 2.00 MiB page size, pre-allocated 0 pages
Aug 27 21:01:32 localhost kernel: cryptd: max_cpu_qlen set to 1000
Aug 27 21:01:32 localhost kernel: ACPI: Added _OSI(Module Device)
Aug 27 21:01:32 localhost kernel: ACPI: Added _OSI(Processor Device)
Aug 27 21:01:32 localhost kernel: ACPI: Added _OSI(3.0 _SCP Extensions)
Aug 27 21:01:32 localhost kernel: ACPI: Added _OSI(Processor Aggregator Device)
Aug 27 21:01:32 localhost kernel: ACPI: Added _OSI(Linux-Dell-Video)
Aug 27 21:01:32 localhost kernel: ACPI: Added _OSI(Linux-Lenovo-NV-HDMI-Audio)
Aug 27 21:01:32 localhost kernel: ACPI: Added _OSI(Linux-HPI-Hybrid-Graphics)
Aug 27 21:01:32 localhost kernel: ACPI: 2 ACPI AML tables successfully acquired and loaded
Aug 27 21:01:32 localhost kernel: ACPI: Interpreter enabled
Aug 27 21:01:32 localhost kernel: ACPI: (supports S0 S5)
Aug 27 21:01:32 localhost kernel: ACPI: Using IOAPIC for interrupt routing
Aug 27 21:01:32 localhost kernel: PCI: Using host bridge windows from ACPI; if necessary, use "pci=nocrs" and report a bug
Aug 27 21:01:32 localhost kernel: ACPI: Enabled 2 GPEs in block 00 to 07
Aug 27 21:01:32 localhost kernel: ACPI: PCI Root Bridge [PCI0] (domain 0000 [bus 00-ff])
Aug 27 21:01:32 localhost kernel: acpi PNP0A03:00: _OSC: OS supports [ASPM ClockPM Segments MSI HPX-Type3]
Aug 27 21:01:32 localhost kernel: acpi PNP0A03:00: _OSC: not requesting OS control; OS requires [ExtendedConfig ASPM ClockPM MSI]
Aug 27 21:01:32 localhost kernel: acpi PNP0A03:00: fail to add MMCONFIG information, can't access extended PCI configuration space under this bridge.
Aug 27 21:01:32 localhost kernel: PCI host bridge to bus 0000:00
Aug 27 21:01:32 localhost kernel: pci_bus 0000:00: root bus resource [io  0x0000-0x0cf7 window]
Aug 27 21:01:32 localhost kernel: pci_bus 0000:00: root bus resource [io  0x0d00-0xffff window]
Aug 27 21:01:32 localhost kernel: pci_bus 0000:00: root bus resource [mem 0x000a0000-0x000bffff window]
Aug 27 21:01:32 localhost kernel: pci_bus 0000:00: root bus resource [mem 0x80000000-0xfdffffff window]
Aug 27 21:01:32 localhost kernel: pci_bus 0000:00: root bus resource [bus 00-ff]
Aug 27 21:01:32 localhost kernel: pci 0000:00:00.0: [8086:1237] type 00 class 0x060000
Aug 27 21:01:32 localhost kernel: pci 0000:00:01.0: [8086:7000] type 00 class 0x060100
Aug 27 21:01:32 localhost kernel: pci 0000:00:01.1: [8086:7111] type 00 class 0x01018a
Aug 27 21:01:32 localhost kernel: pci 0000:00:01.1: reg 0x20: [io  0xd000-0xd00f]
Aug 27 21:01:32 localhost kernel: pci 0000:00:01.1: legacy IDE quirk: reg 0x10: [io  0x01f0-0x01f7]
Aug 27 21:01:32 localhost kernel: pci 0000:00:01.1: legacy IDE quirk: reg 0x14: [io  0x03f6]
Aug 27 21:01:32 localhost kernel: pci 0000:00:01.1: legacy IDE quirk: reg 0x18: [io  0x0170-0x0177]
Aug 27 21:01:32 localhost kernel: pci 0000:00:01.1: legacy IDE quirk: reg 0x1c: [io  0x0376]
Aug 27 21:01:32 localhost kernel: pci 0000:00:02.0: [15ad:0405] type 00 class 0x030000
Aug 27 21:01:32 localhost kernel: pci 0000:00:02.0: reg 0x10: [io  0xd010-0xd01f]
Aug 27 21:01:32 localhost kernel: pci 0000:00:02.0: reg 0x14: [mem 0xf0000000-0xf0ffffff pref]
Aug 27 21:01:32 localhost kernel: pci 0000:00:02.0: reg 0x18: [mem 0xf1000000-0xf11fffff]
Aug 27 21:01:32 localhost kernel: pci 0000:00:03.0: [8086:100e] type 00 class 0x020000
Aug 27 21:01:32 localhost kernel: pci 0000:00:03.0: reg 0x10: [mem 0xf1200000-0xf121ffff]
Aug 27 21:01:32 localhost kernel: pci 0000:00:03.0: reg 0x18: [io  0xd020-0xd027]
Aug 27 21:01:32 localhost kernel: pci 0000:00:04.0: [80ee:cafe] type 00 class 0x088000
Aug 27 21:01:32 localhost kernel: pci 0000:00:04.0: reg 0x10: [io  0xd040-0xd05f]
Aug 27 21:01:32 localhost kernel: pci 0000:00:04.0: reg 0x14: [mem 0xf1400000-0xf17fffff]
Aug 27 21:01:32 localhost kernel: pci 0000:00:04.0: reg 0x18: [mem 0xf1800000-0xf1803fff pref]
Aug 27 21:01:32 localhost kernel: pci 0000:00:05.0: [8086:2415] type 00 class 0x040100
Aug 27 21:01:32 localhost kernel: pci 0000:00:05.0: reg 0x10: [io  0xd100-0xd1ff]
Aug 27 21:01:32 localhost kernel: pci 0000:00:05.0: reg 0x14: [io  0xd200-0xd23f]
Aug 27 21:01:32 localhost kernel: pci 0000:00:06.0: [106b:003f] type 00 class 0x0c0310
Aug 27 21:01:32 localhost kernel: pci 0000:00:06.0: reg 0x10: [mem 0xf1804000-0xf1804fff]
Aug 27 21:01:32 localhost kernel: pci 0000:00:07.0: [8086:7113] type 00 class 0x068000
Aug 27 21:01:32 localhost kernel: pci 0000:00:07.0: quirk: [io  0x4000-0x403f] claimed by PIIX4 ACPI
Aug 27 21:01:32 localhost kernel: pci 0000:00:07.0: quirk: [io  0x4100-0x410f] claimed by PIIX4 SMB
Aug 27 21:01:32 localhost kernel: pci 0000:00:0d.0: [8086:2829] type 00 class 0x010601
Aug 27 21:01:32 localhost kernel: pci 0000:00:0d.0: reg 0x10: [io  0xd240-0xd247]
Aug 27 21:01:32 localhost kernel: pci 0000:00:0d.0: reg 0x14: [io  0xd248-0xd24b]
Aug 27 21:01:32 localhost kernel: pci 0000:00:0d.0: reg 0x18: [io  0xd250-0xd257]
Aug 27 21:01:32 localhost kernel: pci 0000:00:0d.0: reg 0x1c: [io  0xd258-0xd25b]
Aug 27 21:01:32 localhost kernel: pci 0000:00:0d.0: reg 0x20: [io  0xd260-0xd26f]
Aug 27 21:01:32 localhost kernel: pci 0000:00:0d.0: reg 0x24: [mem 0xf1806000-0xf1807fff]
Aug 27 21:01:32 localhost kernel: ACPI: PCI Interrupt Link [LNKA] (IRQs 5 9 10 *11)
Aug 27 21:01:32 localhost kernel: ACPI: PCI Interrupt Link [LNKB] (IRQs 5 9 *10 11)
Aug 27 21:01:32 localhost kernel: ACPI: PCI Interrupt Link [LNKC] (IRQs 5 *9 10 11)
Aug 27 21:01:32 localhost kernel: ACPI: PCI Interrupt Link [LNKD] (IRQs 5 9 10 *11)
Aug 27 21:01:32 localhost kernel: iommu: Default domain type: Passthrough 
Aug 27 21:01:32 localhost kernel: pci 0000:00:02.0: vgaarb: setting as boot VGA device
Aug 27 21:01:32 localhost kernel: pci 0000:00:02.0: vgaarb: VGA device added: decodes=io+mem,owns=io+mem,locks=none
Aug 27 21:01:32 localhost kernel: pci 0000:00:02.0: vgaarb: bridge control possible
Aug 27 21:01:32 localhost kernel: vgaarb: loaded
Aug 27 21:01:32 localhost kernel: SCSI subsystem initialized
Aug 27 21:01:32 localhost kernel: ACPI: bus type USB registered
Aug 27 21:01:32 localhost kernel: usbcore: registered new interface driver usbfs
Aug 27 21:01:32 localhost kernel: usbcore: registered new interface driver hub
Aug 27 21:01:32 localhost kernel: usbcore: registered new device driver usb
Aug 27 21:01:32 localhost kernel: pps_core: LinuxPPS API ver. 1 registered
Aug 27 21:01:32 localhost kernel: pps_core: Software ver. 5.3.6 - Copyright 2005-2007 Rodolfo Giometti <giometti@linux.it>
Aug 27 21:01:32 localhost kernel: PTP clock support registered
Aug 27 21:01:32 localhost kernel: EDAC MC: Ver: 3.0.0
Aug 27 21:01:32 localhost kernel: PCI: Using ACPI for IRQ routing
Aug 27 21:01:32 localhost kernel: PCI: pci_cache_line_size set to 64 bytes
Aug 27 21:01:32 localhost kernel: e820: reserve RAM buffer [mem 0x0009fc00-0x0009ffff]
Aug 27 21:01:32 localhost kernel: e820: reserve RAM buffer [mem 0x7fff0000-0x7fffffff]
Aug 27 21:01:32 localhost kernel: NetLabel: Initializing
Aug 27 21:01:32 localhost kernel: NetLabel:  domain hash size = 128
Aug 27 21:01:32 localhost kernel: NetLabel:  protocols = UNLABELED CIPSOv4 CALIPSO
Aug 27 21:01:32 localhost kernel: NetLabel:  unlabeled traffic allowed by default
Aug 27 21:01:32 localhost kernel: clocksource: Switched to clocksource kvm-clock
Aug 27 21:01:32 localhost kernel: VFS: Disk quotas dquot_6.6.0
Aug 27 21:01:32 localhost kernel: VFS: Dquot-cache hash table entries: 512 (order 0, 4096 bytes)
Aug 27 21:01:32 localhost kernel: pnp: PnP ACPI init
Aug 27 21:01:32 localhost kernel: pnp 00:00: Plug and Play ACPI device, IDs PNP0303 (active)
Aug 27 21:01:32 localhost kernel: pnp 00:01: Plug and Play ACPI device, IDs PNP0f03 (active)
Aug 27 21:01:32 localhost kernel: pnp: PnP ACPI: found 2 devices
Aug 27 21:01:32 localhost kernel: clocksource: acpi_pm: mask: 0xffffff max_cycles: 0xffffff, max_idle_ns: 2085701024 ns
Aug 27 21:01:32 localhost kernel: pci_bus 0000:00: resource 4 [io  0x0000-0x0cf7 window]
Aug 27 21:01:32 localhost kernel: pci_bus 0000:00: resource 5 [io  0x0d00-0xffff window]
Aug 27 21:01:32 localhost kernel: pci_bus 0000:00: resource 6 [mem 0x000a0000-0x000bffff window]
Aug 27 21:01:32 localhost kernel: pci_bus 0000:00: resource 7 [mem 0x80000000-0xfdffffff window]
Aug 27 21:01:32 localhost kernel: NET: Registered protocol family 2
Aug 27 21:01:32 localhost kernel: tcp_listen_portaddr_hash hash table entries: 1024 (order: 2, 16384 bytes)
Aug 27 21:01:32 localhost kernel: TCP established hash table entries: 16384 (order: 5, 131072 bytes)
Aug 27 21:01:32 localhost kernel: TCP bind hash table entries: 16384 (order: 6, 262144 bytes)
Aug 27 21:01:32 localhost kernel: TCP: Hash tables configured (established 16384 bind 16384)
Aug 27 21:01:32 localhost kernel: UDP hash table entries: 1024 (order: 3, 32768 bytes)
Aug 27 21:01:32 localhost kernel: UDP-Lite hash table entries: 1024 (order: 3, 32768 bytes)
Aug 27 21:01:32 localhost kernel: NET: Registered protocol family 1
Aug 27 21:01:32 localhost kernel: NET: Registered protocol family 44
Aug 27 21:01:32 localhost kernel: pci 0000:00:00.0: Limiting direct PCI/PCI transfers
Aug 27 21:01:32 localhost kernel: pci 0000:00:01.0: Activating ISA DMA hang workarounds
Aug 27 21:01:32 localhost kernel: pci 0000:00:02.0: Video device with shadowed ROM at [mem 0x000c0000-0x000dffff]
Aug 27 21:01:32 localhost kernel: PCI: CLS 0 bytes, default 64
Aug 27 21:01:32 localhost kernel: Unpacking initramfs...
Aug 27 21:01:32 localhost kernel: Freeing initrd memory: 63592K
Aug 27 21:01:32 localhost kernel: clocksource: tsc: mask: 0xffffffffffffffff max_cycles: 0x2b3e43c8763, max_idle_ns: 440795360101 ns
Aug 27 21:01:32 localhost kernel: clocksource: Switched to clocksource tsc
Aug 27 21:01:32 localhost kernel: platform rtc_cmos: registered platform RTC device (no PNP device found)
Aug 27 21:01:32 localhost kernel: Initialise system trusted keyrings
Aug 27 21:01:32 localhost kernel: Key type blacklist registered
Aug 27 21:01:32 localhost kernel: workingset: timestamp_bits=36 max_order=19 bucket_order=0
Aug 27 21:01:32 localhost kernel: zbud: loaded
Aug 27 21:01:32 localhost kernel: pstore: using deflate compression
Aug 27 21:01:32 localhost kernel: Platform Keyring initialized
Aug 27 21:01:32 localhost kernel: NET: Registered protocol family 38
Aug 27 21:01:32 localhost kernel: Key type asymmetric registered
Aug 27 21:01:32 localhost kernel: Asymmetric key parser 'x509' registered
Aug 27 21:01:32 localhost kernel: Block layer SCSI generic (bsg) driver version 0.4 loaded (major 246)
Aug 27 21:01:32 localhost kernel: io scheduler mq-deadline registered
Aug 27 21:01:32 localhost kernel: io scheduler kyber registered
Aug 27 21:01:32 localhost kernel: io scheduler bfq registered
Aug 27 21:01:32 localhost kernel: atomic64_test: passed for x86-64 platform with CX8 and with SSE
Aug 27 21:01:32 localhost kernel: shpchp: Standard Hot Plug PCI Controller Driver version: 0.4
Aug 27 21:01:32 localhost kernel: ACPI: AC Adapter [AC] (on-line)
Aug 27 21:01:32 localhost kernel: input: Power Button as /devices/LNXSYSTM:00/LNXPWRBN:00/input/input0
Aug 27 21:01:32 localhost kernel: ACPI: Power Button [PWRF]
Aug 27 21:01:32 localhost kernel: input: Sleep Button as /devices/LNXSYSTM:00/LNXSLPBN:00/input/input1
Aug 27 21:01:32 localhost kernel: ACPI: Sleep Button [SLPF]
Aug 27 21:01:32 localhost kernel: battery: ACPI: Battery Slot [BAT0] (battery present)
Aug 27 21:01:32 localhost kernel: Serial: 8250/16550 driver, 4 ports, IRQ sharing enabled
Aug 27 21:01:32 localhost kernel: Non-volatile memory driver v1.3
Aug 27 21:01:32 localhost kernel: rdac: device handler registered
Aug 27 21:01:32 localhost kernel: hp_sw: device handler registered
Aug 27 21:01:32 localhost kernel: emc: device handler registered
Aug 27 21:01:32 localhost kernel: alua: device handler registered
Aug 27 21:01:32 localhost kernel: libphy: Fixed MDIO Bus: probed
Aug 27 21:01:32 localhost kernel: ehci_hcd: USB 2.0 'Enhanced' Host Controller (EHCI) Driver
Aug 27 21:01:32 localhost kernel: ehci-pci: EHCI PCI platform driver
Aug 27 21:01:32 localhost kernel: ohci_hcd: USB 1.1 'Open' Host Controller (OHCI) Driver
Aug 27 21:01:32 localhost kernel: ohci-pci: OHCI PCI platform driver
Aug 27 21:01:32 localhost kernel: ohci-pci 0000:00:06.0: OHCI PCI host controller
Aug 27 21:01:32 localhost kernel: ohci-pci 0000:00:06.0: new USB bus registered, assigned bus number 1
Aug 27 21:01:32 localhost kernel: ohci-pci 0000:00:06.0: irq 22, io mem 0xf1804000
Aug 27 21:01:32 localhost kernel: usb usb1: New USB device found, idVendor=1d6b, idProduct=0001, bcdDevice= 4.18
Aug 27 21:01:32 localhost kernel: usb usb1: New USB device strings: Mfr=3, Product=2, SerialNumber=1
Aug 27 21:01:32 localhost kernel: usb usb1: Product: OHCI PCI host controller
Aug 27 21:01:32 localhost kernel: usb usb1: Manufacturer: Linux 4.18.0-193.el8.x86_64 ohci_hcd
Aug 27 21:01:32 localhost kernel: usb usb1: SerialNumber: 0000:00:06.0
Aug 27 21:01:32 localhost kernel: hub 1-0:1.0: USB hub found
Aug 27 21:01:32 localhost kernel: hub 1-0:1.0: 12 ports detected
Aug 27 21:01:32 localhost kernel: uhci_hcd: USB Universal Host Controller Interface driver
Aug 27 21:01:32 localhost kernel: usbcore: registered new interface driver usbserial_generic
Aug 27 21:01:32 localhost kernel: usbserial: USB Serial support registered for generic
Aug 27 21:01:32 localhost kernel: i8042: PNP: PS/2 Controller [PNP0303:PS2K,PNP0f03:PS2M] at 0x60,0x64 irq 1,12
Aug 27 21:01:32 localhost kernel: serio: i8042 KBD port at 0x60,0x64 irq 1
Aug 27 21:01:32 localhost kernel: serio: i8042 AUX port at 0x60,0x64 irq 12
Aug 27 21:01:32 localhost kernel: mousedev: PS/2 mouse device common for all mice
Aug 27 21:01:32 localhost kernel: input: AT Translated Set 2 keyboard as /devices/platform/i8042/serio0/input/input2
Aug 27 21:01:32 localhost kernel: rtc_cmos rtc_cmos: registered as rtc0
Aug 27 21:01:32 localhost kernel: rtc_cmos rtc_cmos: alarms up to one day, 114 bytes nvram
Aug 27 21:01:32 localhost kernel: intel_pstate: CPU model not supported
Aug 27 21:01:32 localhost kernel: hidraw: raw HID events driver (C) Jiri Kosina
Aug 27 21:01:32 localhost kernel: usbcore: registered new interface driver usbhid
Aug 27 21:01:32 localhost kernel: usbhid: USB HID core driver
Aug 27 21:01:32 localhost kernel: drop_monitor: Initializing network drop monitor service
Aug 27 21:01:32 localhost kernel: Initializing XFRM netlink socket
Aug 27 21:01:32 localhost kernel: NET: Registered protocol family 10
Aug 27 21:01:32 localhost kernel: Segment Routing with IPv6
Aug 27 21:01:32 localhost kernel: NET: Registered protocol family 17
Aug 27 21:01:32 localhost kernel: mpls_gso: MPLS GSO support
Aug 27 21:01:32 localhost kernel: core: Using 0 MCE banks
Aug 27 21:01:32 localhost kernel: AVX2 version of gcm_enc/dec engaged.
Aug 27 21:01:32 localhost kernel: AES CTR mode by8 optimization enabled
Aug 27 21:01:32 localhost kernel: sched_clock: Marking stable (4866801380, 0)->(5497582406, -630781026)
Aug 27 21:01:32 localhost kernel: registered taskstats version 1
Aug 27 21:01:32 localhost kernel: Loading compiled-in X.509 certificates
Aug 27 21:01:32 localhost kernel: Loaded X.509 cert 'CentOS Linux kernel signing key: 5e845a6615b39bf1de63e0d9551f41c3de386d7f'
Aug 27 21:01:32 localhost kernel: Loaded X.509 cert 'CentOS Linux Driver update signing key: 29bd4c0d06d2e9911044b5dc973309139b51d6d5'
Aug 27 21:01:32 localhost kernel: Loaded X.509 cert 'CentOS Linux kpatch signing key: b49f086205909dc4da2cfa99376fb191d2f09e78'
Aug 27 21:01:32 localhost kernel: zswap: loaded using pool lzo/zbud
Aug 27 21:01:32 localhost kernel: Key type big_key registered
Aug 27 21:01:32 localhost kernel: Key type encrypted registered
Aug 27 21:01:32 localhost kernel: ima: No TPM chip found, activating TPM-bypass!
Aug 27 21:01:32 localhost kernel: ima: Allocated hash algorithm: sha1
Aug 27 21:01:32 localhost kernel: evm: Initialising EVM extended attributes:
Aug 27 21:01:32 localhost kernel: evm: security.selinux
Aug 27 21:01:32 localhost kernel: evm: security.ima
Aug 27 21:01:32 localhost kernel: evm: security.capability
Aug 27 21:01:32 localhost kernel: evm: HMAC attrs: 0x1
Aug 27 21:01:32 localhost kernel: rtc_cmos rtc_cmos: setting system clock to 2020-08-27 21:01:30 UTC (1598562090)
Aug 27 21:01:32 localhost kernel: Freeing unused decrypted memory: 2040K
Aug 27 21:01:32 localhost kernel: Freeing unused kernel memory: 2404K
Aug 27 21:01:32 localhost kernel: Write protecting the kernel read-only data: 18432k
Aug 27 21:01:32 localhost kernel: Freeing unused kernel memory: 2020K
Aug 27 21:01:32 localhost kernel: Freeing unused kernel memory: 248K
Aug 27 21:01:32 localhost systemd[1]: systemd 239 running in system mode. (+PAM +AUDIT +SELINUX +IMA -APPARMOR +SMACK +SYSVINIT +UTMP +LIBCRYPTSETUP +GCRYPT +GNUTLS +ACL +XZ +LZ4 +SECCOMP +BLKID +ELFUTILS +KMOD +IDN2 -IDN +PCRE2 default-hierarchy=legacy)
Aug 27 21:01:32 localhost systemd[1]: Detected virtualization oracle.
Aug 27 21:01:32 localhost systemd[1]: Detected architecture x86-64.
Aug 27 21:01:32 localhost systemd[1]: Running in initial RAM disk.
Aug 27 21:01:32 localhost systemd[1]: No hostname configured.
Aug 27 21:01:32 localhost systemd[1]: Set hostname to <localhost>.
Aug 27 21:01:32 localhost kernel: random: systemd: uninitialized urandom read (16 bytes read)
Aug 27 21:01:32 localhost systemd[1]: Initializing machine ID from random generator.
Aug 27 21:01:32 localhost kernel: random: ln: uninitialized urandom read (6 bytes read)
Aug 27 21:01:32 localhost kernel: random: systemd: uninitialized urandom read (16 bytes read)
Aug 27 21:01:32 localhost systemd[1]: Listening on udev Kernel Socket.
Aug 27 21:01:32 localhost systemd[1]: Reached target Swap.
Aug 27 21:01:32 localhost systemd[1]: Reached target Slices.
Aug 27 21:01:32 localhost kernel: input: ImExPS/2 Generic Explorer Mouse as /devices/platform/i8042/serio1/input/input4
Aug 27 21:01:32 localhost kernel: Loading iSCSI transport class v2.0-870.
Aug 27 21:01:32 localhost kernel: BIOS EDD facility v0.16 2004-Jun-25, 1 devices found
Aug 27 21:01:32 localhost kernel: iscsi: registered transport (tcp)
Aug 27 21:01:32 localhost kernel: iscsi: registered transport (qla4xxx)
Aug 27 21:01:32 localhost kernel: QLogic iSCSI HBA Driver
Aug 27 21:01:32 localhost kernel: libcxgbi:libcxgbi_init_module: Chelsio iSCSI driver library libcxgbi v0.9.1-ko (Apr. 2015)
Aug 27 21:01:32 localhost kernel: Chelsio T4-T6 iSCSI Driver cxgb4i v0.9.5-ko (Apr. 2015)
Aug 27 21:01:32 localhost kernel: iscsi: registered transport (cxgb4i)
Aug 27 21:01:32 localhost kernel: cnic: QLogic cnicDriver v2.5.22 (July 20, 2015)
Aug 27 21:01:32 localhost kernel: QLogic NetXtreme II iSCSI Driver bnx2i v2.7.10.1 (Jul 16, 2014)
Aug 27 21:01:32 localhost kernel: iscsi: registered transport (bnx2i)
Aug 27 21:01:32 localhost kernel: iscsi: registered transport (be2iscsi)
Aug 27 21:01:32 localhost kernel: In beiscsi_module_init, tt=000000009661356e
Aug 27 21:01:32 localhost kernel: squashfs: version 4.0 (2009/01/31) Phillip Lougher
Aug 27 21:01:32 localhost kernel: No iBFT detected.
Aug 27 21:01:32 localhost kernel: raid6: sse2x1   gen() 10582 MB/s
Aug 27 21:01:32 localhost kernel: raid6: sse2x1   xor()  7324 MB/s
Aug 27 21:01:32 localhost kernel: raid6: sse2x2   gen() 10867 MB/s
Aug 27 21:01:32 localhost kernel: raid6: sse2x2   xor()  8078 MB/s
Aug 27 21:01:32 localhost kernel: raid6: sse2x4   gen() 15128 MB/s
Aug 27 21:01:32 localhost kernel: raid6: sse2x4   xor()  8845 MB/s
Aug 27 21:01:32 localhost kernel: raid6: avx2x1   gen() 23531 MB/s
Aug 27 21:01:32 localhost kernel: raid6: avx2x1   xor() 15601 MB/s
Aug 27 21:01:32 localhost kernel: raid6: avx2x2   gen() 29421 MB/s
Aug 27 21:01:32 localhost kernel: raid6: avx2x2   xor() 17875 MB/s
Aug 27 21:01:32 localhost kernel: raid6: avx2x4   gen() 33277 MB/s
Aug 27 21:01:32 localhost kernel: raid6: avx2x4   xor() 20607 MB/s
Aug 27 21:01:32 localhost kernel: raid6: using algorithm avx2x4 gen() 33277 MB/s
Aug 27 21:01:32 localhost kernel: raid6: .... xor() 20607 MB/s, rmw enabled
Aug 27 21:01:32 localhost kernel: raid6: using avx2x2 recovery algorithm
Aug 27 21:01:32 localhost systemd-journald[276]: Journal started
Aug 27 21:01:32 localhost systemd-journald[276]: Runtime journal (/run/log/journal/f1d3efe7ed9b4ea5874f8f6a86075a9d) is 8.0M, max 99.3M, 91.3M free.
Aug 27 21:01:32 localhost rngd[277]: Initializing available sources
Aug 27 21:01:32 localhost rngd[277]: Failed to init entropy source hwrng
Aug 27 21:01:32 localhost rngd[277]: Enabling RDSEED rng support
Aug 27 21:01:32 localhost rngd[277]: Initializing entropy source rdrand
Aug 27 21:01:32 localhost dracut-cmdline[294]: dracut-8 (Core) dracut-049-70.git20200228.el8
Aug 27 21:01:32 localhost dracut-cmdline[294]: Using kernel command line parameters: BOOT_IMAGE=vmlinuz initrd=initrd.img inst.stage2=hd:LABEL=CentOS-8-2-2004-x86_64-dvd rd.live.check quiet
Aug 27 21:01:32 localhost dracut-cmdline[294]: Loading CentOS Linux 8 x86_64 installer...
Aug 27 21:01:32 localhost dracut-cmdline[294]: rd.luks=0: removing cryptoluks activation
Aug 27 21:01:32 localhost dracut-cmdline[294]: rd.lvm=0: removing LVM activation
Aug 27 21:01:32 localhost dracut-pre-udev[544]: modprobe: FATAL: Module floppy not found in directory /lib/modules/4.18.0-193.el8.x86_64
Aug 27 21:01:33 localhost kernel: async_tx: api initialized (async)
Aug 27 21:01:33 localhost kernel: xor: automatically using best checksumming function   avx       
Aug 27 21:01:33 localhost kernel: device-mapper: uevent: version 1.0.3
Aug 27 21:01:33 localhost kernel: device-mapper: ioctl: 4.39.0-ioctl (2018-04-03) initialised: dm-devel@redhat.com
Aug 27 21:01:33 localhost kernel: device-mapper: multipath round-robin: version 1.2.0 loaded
Aug 27 21:01:33 localhost dracut-pre-udev[544]: modprobe: ERROR: could not insert 'sha256_mb': No such device
Aug 27 21:01:33 localhost kernel: RPC: Registered named UNIX socket transport module.
Aug 27 21:01:33 localhost kernel: RPC: Registered udp transport module.
Aug 27 21:01:33 localhost kernel: RPC: Registered tcp transport module.
Aug 27 21:01:33 localhost kernel: RPC: Registered tcp NFSv4.1 backchannel transport module.
Aug 27 21:01:33 localhost rpc.statd[760]: Version 2.3.3 starting
Aug 27 21:01:33 localhost rpc.statd[760]: Initializing NSM state
Aug 27 21:01:33 localhost rpc.statd[760]: Running as root.  chown /var/lib/nfs/statd to choose different user
Aug 27 21:01:34 localhost rpc.idmapd[765]: Setting log level to 0
Aug 27 21:01:34 localhost systemd[1]: Started dracut pre-udev hook.
Aug 27 21:01:34 localhost systemd[1]: Starting udev Kernel Device Manager...
Aug 27 21:01:35 localhost rngd[277]: Initializing AES buffer
Aug 27 21:01:35 localhost rngd[277]: Enabling JITTER rng support
Aug 27 21:01:35 localhost rngd[277]: Initializing entropy source jitter
Aug 27 21:01:35 localhost kernel: random: crng init done
Aug 27 21:01:35 localhost kernel: random: 7 urandom warning(s) missed due to ratelimiting
Aug 27 21:01:35 localhost systemd[1]: Started udev Kernel Device Manager.
Aug 27 21:01:35 localhost systemd[1]: Starting dracut pre-trigger hook...
Aug 27 21:01:35 localhost lldpad[796]: config file failed to load,
Aug 27 21:01:35 localhost lldpad[796]: create a new file.
Aug 27 21:01:35 localhost lldpad[796]: bound ctrl iface to /com/intel/lldpad
Aug 27 21:01:35 localhost dracut-pre-trigger[782]: 797
Aug 27 21:01:35 localhost dracut-pre-trigger[782]: rd.md=0: removing MD RAID activation
Aug 27 21:01:35 localhost systemd[1]: Started dracut pre-trigger hook.
Aug 27 21:01:35 localhost systemd[1]: Starting udev Coldplug all Devices...
Aug 27 21:01:35 localhost systemd[1]: Mounting Kernel Configuration File System...
Aug 27 21:01:35 localhost systemd[1]: Mounted Kernel Configuration File System.
Aug 27 21:01:35 localhost systemd[1]: Started udev Coldplug all Devices.
Aug 27 21:01:35 localhost systemd[1]: Starting udev Wait for Complete Device Initialization...
Aug 27 21:01:35 localhost systemd[1]: Starting Show Plymouth Boot Screen...
Aug 27 21:01:35 localhost kernel: ACPI: Video Device [GFX0] (multi-head: yes  rom: no  post: no)
Aug 27 21:01:35 localhost kernel: input: Video Bus as /devices/LNXSYSTM:00/LNXSYBUS:00/PNP0A03:00/LNXVIDEO:00/input/input5
Aug 27 21:01:36 localhost systemd-udevd[879]: link_config: autonegotiation is unset or enabled, the speed and duplex are not writable.
Aug 27 21:01:36 localhost systemd[1]: Started Show Plymouth Boot Screen.
Aug 27 21:01:36 localhost systemd[1]: Received SIGRTMIN+20 from PID 882 (plymouthd).
Aug 27 21:01:36 localhost kernel: e1000: Intel(R) PRO/1000 Network Driver - version 7.3.21-k8-NAPI
Aug 27 21:01:36 localhost kernel: e1000: Copyright (c) 1999-2006 Intel Corporation.
Aug 27 21:01:36 localhost kernel: e1000: E1000 MODULE IS NOT SUPPORTED
Aug 27 21:01:36 localhost systemd[1]: Reached target Paths.
Aug 27 21:01:36 localhost systemd[1]: Reached target Local Encrypted Volumes.
Aug 27 21:01:36 localhost systemd[1]: Started Forward Password Requests to Plymouth Directory Watch.
Aug 27 21:01:36 localhost kernel: libata version 3.00 loaded.
Aug 27 21:01:36 localhost kernel: ata_piix 0000:00:01.1: version 2.13
Aug 27 21:01:36 localhost kernel: scsi host0: ata_piix
Aug 27 21:01:36 localhost kernel: ahci 0000:00:0d.0: version 3.0
Aug 27 21:01:36 localhost kernel: ahci 0000:00:0d.0: SSS flag set, parallel bus scan disabled
Aug 27 21:01:36 localhost kernel: ahci 0000:00:0d.0: AHCI 0001.0100 32 slots 1 ports 3 Gbps 0x1 impl SATA mode
Aug 27 21:01:36 localhost kernel: ahci 0000:00:0d.0: flags: 64bit ncq stag only ccc 
Aug 27 21:01:36 localhost kernel: scsi host1: ata_piix
Aug 27 21:01:36 localhost kernel: ata1: PATA max UDMA/33 cmd 0x1f0 ctl 0x3f6 bmdma 0xd000 irq 14
Aug 27 21:01:36 localhost kernel: ata2: PATA max UDMA/33 cmd 0x170 ctl 0x376 bmdma 0xd008 irq 15
Aug 27 21:01:36 localhost kernel: scsi host2: ahci
Aug 27 21:01:36 localhost kernel: ata3: SATA max UDMA/133 abar m8192@0xf1806000 port 0xf1806100 irq 21
Aug 27 21:01:36 localhost kernel: ata2.00: ATAPI: VBOX CD-ROM, 1.0, max UDMA/133
Aug 27 21:01:36 localhost kernel: scsi 1:0:0:0: CD-ROM            VBOX     CD-ROM           1.0  PQ: 0 ANSI: 5
Aug 27 21:01:36 localhost kernel: [drm] DMA map mode: Caching DMA mappings.
Aug 27 21:01:36 localhost kernel: [drm] Capabilities:
Aug 27 21:01:36 localhost kernel: [drm]   Cursor.
Aug 27 21:01:36 localhost kernel: [drm]   Cursor bypass 2.
Aug 27 21:01:36 localhost kernel: [drm]   Alpha cursor.
Aug 27 21:01:36 localhost kernel: [drm]   3D.
Aug 27 21:01:36 localhost kernel: [drm]   Extended Fifo.
Aug 27 21:01:36 localhost kernel: [drm]   Pitchlock.
Aug 27 21:01:36 localhost kernel: [drm]   Irq mask.
Aug 27 21:01:36 localhost kernel: [drm]   GMR.
Aug 27 21:01:36 localhost kernel: [drm]   Traces.
Aug 27 21:01:36 localhost kernel: [drm]   GMR2.
Aug 27 21:01:36 localhost kernel: [drm]   Screen Object 2.
Aug 27 21:01:36 localhost kernel: [drm] Max GMR ids is 8192
Aug 27 21:01:36 localhost kernel: [drm] Max number of GMR pages is 1048576
Aug 27 21:01:36 localhost kernel: [drm] Max dedicated hypervisor surface memory is 507904 kiB
Aug 27 21:01:36 localhost kernel: [drm] Maximum display memory size is 16384 kiB
Aug 27 21:01:36 localhost kernel: [drm] VRAM at 0xf0000000 size is 16384 kiB
Aug 27 21:01:36 localhost kernel: [drm] MMIO at 0xf1000000 size is 2048 kiB
Aug 27 21:01:36 localhost kernel: [TTM] Zone  kernel: Available graphics memory: 1017464 KiB
Aug 27 21:01:36 localhost kernel: [TTM] Initializing pool allocator
Aug 27 21:01:36 localhost kernel: [TTM] Initializing DMA pool allocator
Aug 27 21:01:36 localhost kernel: [drm] Supports vblank timestamp caching Rev 2 (21.10.2013).
Aug 27 21:01:36 localhost kernel: [drm] No driver support for vblank timestamp query.
Aug 27 21:01:36 localhost kernel: [drm] Screen Objects Display Unit initialized
Aug 27 21:01:36 localhost kernel: [drm] width 720
Aug 27 21:01:36 localhost kernel: [drm] height 400
Aug 27 21:01:36 localhost kernel: [drm] bpp 32
Aug 27 21:01:36 localhost kernel: [drm] Fifo max 0x00200000 min 0x00001000 cap 0x00000355
Aug 27 21:01:36 localhost kernel: [drm] DX: no.
Aug 27 21:01:36 localhost kernel: [drm] Atomic: yes.
Aug 27 21:01:36 localhost kernel: [drm] SM4_1: no.
Aug 27 21:01:36 localhost kernel: [drm:vmw_host_log [vmwgfx]] *ERROR* Failed to send host log message.
Aug 27 21:01:36 localhost kernel: [drm:vmw_host_log [vmwgfx]] *ERROR* Failed to send host log message.
Aug 27 21:01:36 localhost kernel: fbcon: svgadrmfb (fb0) is primary device
Aug 27 21:01:36 localhost kernel: Console: switching to colour frame buffer device 100x37
Aug 27 21:01:36 localhost kernel: [drm] Initialized vmwgfx 2.15.0 20180704 for 0000:00:02.0 on minor 0
Aug 27 21:01:36 localhost kernel: ata3: SATA link up 3.0 Gbps (SStatus 123 SControl 300)
Aug 27 21:01:36 localhost kernel: ata3.00: ATA-6: VBOX HARDDISK, 1.0, max UDMA/133
Aug 27 21:01:36 localhost kernel: ata3.00: 16777216 sectors, multi 128: LBA48 NCQ (depth 32)
Aug 27 21:01:36 localhost kernel: ata3.00: configured for UDMA/133
Aug 27 21:01:36 localhost kernel: scsi 2:0:0:0: Direct-Access     ATA      VBOX HARDDISK    1.0  PQ: 0 ANSI: 5
Aug 27 21:01:36 localhost kernel: scsi 1:0:0:0: Attached scsi generic sg0 type 5
Aug 27 21:01:36 localhost kernel: scsi 2:0:0:0: Attached scsi generic sg1 type 0
Aug 27 21:01:36 localhost kernel: sd 2:0:0:0: [sda] 16777216 512-byte logical blocks: (8.59 GB/8.00 GiB)
Aug 27 21:01:36 localhost kernel: sd 2:0:0:0: [sda] Write Protect is off
Aug 27 21:01:36 localhost kernel: sd 2:0:0:0: [sda] Mode Sense: 00 3a 00 00
Aug 27 21:01:36 localhost kernel: sd 2:0:0:0: [sda] Write cache: enabled, read cache: enabled, doesn't support DPO or FUA
Aug 27 21:01:36 localhost kernel: sd 2:0:0:0: [sda] Attached SCSI disk
Aug 27 21:01:36 localhost kernel: sr 1:0:0:0: [sr0] scsi3-mmc drive: 32x/32x xa/form2 tray
Aug 27 21:01:36 localhost kernel: cdrom: Uniform CD-ROM driver Revision: 3.20
Aug 27 21:01:36 localhost kernel: sr 1:0:0:0: Attached scsi CD-ROM sr0
Aug 27 21:01:37 localhost kernel: e1000 0000:00:03.0 eth0: (PCI:33MHz:32-bit) 08:00:27:38:e6:e4
Aug 27 21:01:37 localhost kernel: e1000 0000:00:03.0 eth0: Intel(R) PRO/1000 Network Connection
Aug 27 21:01:37 localhost systemd-udevd[879]: link_config: autonegotiation is unset or enabled, the speed and duplex are not writable.
Aug 27 21:01:37 localhost kernel: e1000 0000:00:03.0 enp0s3: renamed from eth0
Aug 27 21:01:37 localhost systemd[1]: Started udev Wait for Complete Device Initialization.
Aug 27 21:01:37 localhost systemd[1]: Starting Device-Mapper Multipath Device Controller...
Aug 27 21:01:37 localhost kernel: 8021q: 802.1Q VLAN Support v1.8
Aug 27 21:01:37 localhost systemd[1]: Started Device-Mapper Multipath Device Controller.
Aug 27 21:01:37 localhost systemd[1]: Reached target Local File Systems (Pre).
Aug 27 21:01:37 localhost systemd[1]: Reached target Local File Systems.
Aug 27 21:01:37 localhost systemd[1]: Starting Create Volatile Files and Directories...
Aug 27 21:01:37 localhost systemd[1]: Starting Open-iSCSI...
Aug 27 21:01:37 localhost iscsid[947]: iscsid: can't open InitiatorName configuration file /etc/iscsi/initiatorname.iscsi
Aug 27 21:01:37 localhost iscsid[947]: iscsid: Warning: InitiatorName file /etc/iscsi/initiatorname.iscsi does not exist or does not contain a properly formatted InitiatorName. If using software iscsi (iscsi_tcp or ib_iser) or partial offload (bnx2i or cxgbi iscsi), you may not be able to log into or discover targets. Please create a file /etc/iscsi/initiatorname.iscsi that contains a sting with the format: InitiatorName=iqn.yyyy-mm.<reversed domain name>[:identifier].
Aug 27 21:01:37 localhost iscsid[947]: Example: InitiatorName=iqn.2001-04.com.redhat:fc6.
Aug 27 21:01:37 localhost iscsid[947]: If using hardware iscsi like qla4xxx this message can be ignored.
Aug 27 21:01:37 localhost iscsid[947]: iscsid: can't open InitiatorAlias configuration file /etc/iscsi/initiatorname.iscsi
Aug 27 21:01:37 localhost systemd[1]: Started Open-iSCSI.
Aug 27 21:01:37 localhost systemd[1]: Starting dracut initqueue hook...
Aug 27 21:01:37 localhost multipathd[945]: --------start up--------
Aug 27 21:01:37 localhost multipathd[945]: read /etc/multipath.conf
Aug 27 21:01:37 localhost multipathd[945]: path checkers start up
Aug 27 21:01:37 localhost systemd[1]: Started Create Volatile Files and Directories.
Aug 27 21:01:37 localhost systemd[1]: Reached target System Initialization.
Aug 27 21:01:37 localhost systemd[1]: Reached target Basic System.
Aug 27 21:01:37 localhost systemd[1]: Reloading.
Aug 27 21:01:37 localhost dracut-initqueue[949]: anaconda using disk root at /dev/sr0
Aug 27 21:01:37 localhost kernel: ISO 9660 Extensions: Microsoft Joliet Level 3
Aug 27 21:01:37 localhost kernel: ISO 9660 Extensions: RRIP_1991A
Aug 27 21:01:37 localhost dracut-initqueue[949]: mount: /run/install/repo: WARNING: device write-protected, mounted read-only.
Aug 27 21:01:37 localhost dracut-initqueue[949]: anaconda: found /run/install/repo//images/install.img
Aug 27 21:01:38 localhost kernel: loop: module loaded
Aug 27 21:01:38 localhost systemd[1]: Received SIGRTMIN+20 from PID 882 (plymouthd).
Aug 27 21:01:38 localhost systemd[1]: Created slice system-checkisomd5.slice.
Aug 27 21:01:38 localhost systemd[1]: Starting Media check on /dev/sr0...
Aug 27 21:01:47 localhost systemd[1]: Started Media check on /dev/sr0.
Aug 27 21:01:47 localhost systemd[1]: Received SIGRTMIN+20 from PID 882 (plymouthd).
Aug 27 21:01:47 localhost systemd[1]: Started dracut initqueue hook.
Aug 27 21:01:47 localhost systemd[1]: Starting dracut pre-mount hook...
Aug 27 21:01:47 localhost systemd[1]: Reached target Remote File Systems (Pre).
Aug 27 21:01:47 localhost systemd[1]: Reached target Remote File Systems.
Aug 27 21:01:47 localhost systemd[1]: Started dracut pre-mount hook.
Aug 27 21:01:47 localhost systemd[1]: Reached target Initrd Root File System.
Aug 27 21:01:47 localhost systemd[1]: Starting Reload Configuration from the Real Root...
Aug 27 21:01:47 localhost systemd[1]: Reloading.
Aug 27 21:01:47 localhost systemd[1]: Started Reload Configuration from the Real Root.
Aug 27 21:01:47 localhost systemd[1]: Reached target Initrd File Systems.
Aug 27 21:01:47 localhost systemd[1]: Reached target Initrd Default Target.
Aug 27 21:01:47 localhost systemd[1]: Starting dracut mount hook...
Aug 27 21:01:47 localhost kernel: EXT4-fs (dm-0): mounted filesystem with ordered data mode. Opts: (null)
Aug 27 21:01:47 localhost systemd[1]: Started dracut mount hook.
Aug 27 21:01:47 localhost systemd[1]: Starting dracut pre-pivot and cleanup hook...
Aug 27 21:01:48 localhost systemd[1]: Started dracut pre-pivot and cleanup hook.
Aug 27 21:01:48 localhost systemd[1]: Starting Cleaning Up and Shutting Down Daemons...
Aug 27 21:01:48 localhost systemd[1]: Starting Setup Virtual Console...
Aug 27 21:01:48 localhost systemd[1]: Stopped dracut pre-pivot and cleanup hook.
Aug 27 21:01:48 localhost systemd[1]: Stopped target Initrd Default Target.
Aug 27 21:01:48 localhost systemd[1]: Stopped target Basic System.
Aug 27 21:01:48 localhost systemd[1]: Stopped target System Initialization.
Aug 27 21:01:48 localhost systemd[1]: Stopped Create Volatile Files and Directories.
Aug 27 21:01:48 localhost systemd[1]: Stopped target Local File Systems.
Aug 27 21:01:48 localhost systemd[1]: Stopped target Paths.
Aug 27 21:01:48 localhost systemd[1]: Stopped target Slices.
Aug 27 21:01:48 localhost systemd[1]: Stopped target Initrd Root Device.
Aug 27 21:01:48 localhost systemd[1]: Stopped Apply Kernel Variables.
Aug 27 21:01:48 localhost systemd[1]: Stopped target Swap.
Aug 27 21:01:48 localhost systemd[1]: Stopped target Remote File Systems.
Aug 27 21:01:48 localhost systemd[1]: Stopped target Remote File Systems (Pre).
Aug 27 21:01:48 localhost systemd[1]: Stopped target Timers.
Aug 27 21:01:48 localhost systemd[1]: Starting Plymouth switch root service...
Aug 27 21:01:48 localhost systemd[1]: Stopped target Local File Systems (Pre).
Aug 27 21:01:48 localhost systemd[1]: Stopped dracut mount hook.
Aug 27 21:01:48 localhost systemd[1]: Stopped dracut pre-mount hook.
Aug 27 21:01:48 localhost systemd[1]: Stopped target Local Encrypted Volumes.
Aug 27 21:01:48 localhost systemd[1]: Stopped dracut initqueue hook.
Aug 27 21:01:48 localhost iscsid[947]: iscsid: iscsid shutting down.
Aug 27 21:01:48 localhost systemd[1]: Stopping Open-iSCSI...
Aug 27 21:01:48 localhost systemd[1]: Stopped target Sockets.
Aug 27 21:01:48 localhost systemd[1]: Stopped Open-iSCSI.
Aug 27 21:01:48 localhost systemd[1]: Started Cleaning Up and Shutting Down Daemons.
Aug 27 21:01:48 localhost systemd[1]: Started Setup Virtual Console.
Aug 27 21:01:48 localhost systemd[1]: Started Plymouth switch root service.
Aug 27 21:01:48 localhost systemd[1]: Stopping iSCSI UserSpace I/O driver...
Aug 27 21:01:48 localhost systemd[1]: Stopping Device-Mapper Multipath Device Controller...
Aug 27 21:01:48 localhost systemd[1]: Closed Open-iSCSI iscsid Socket.
Aug 27 21:01:48 localhost systemd[1]: Stopped iSCSI UserSpace I/O driver.
Aug 27 21:01:48 localhost systemd[1]: Closed Open-iSCSI iscsiuio Socket.
Aug 27 21:01:48 localhost multipathd[1390]: ok
Aug 27 21:01:48 localhost multipathd[945]: --------shut down-------
Aug 27 21:01:48 localhost systemd[1]: Stopped Device-Mapper Multipath Device Controller.
Aug 27 21:01:48 localhost systemd[1]: Stopped udev Wait for Complete Device Initialization.
Aug 27 21:01:48 localhost systemd[1]: Stopped udev Coldplug all Devices.
Aug 27 21:01:48 localhost systemd[1]: Stopped dracut pre-trigger hook.
Aug 27 21:01:48 localhost systemd[1]: Stopping udev Kernel Device Manager...
Aug 27 21:01:48 localhost systemd[1]: Stopped udev Kernel Device Manager.
Aug 27 21:01:48 localhost systemd[1]: Stopped dracut pre-udev hook.
Aug 27 21:01:48 localhost systemd[1]: Stopped dracut cmdline hook.
Aug 27 21:01:48 localhost systemd[1]: Stopped Create Static Device Nodes in /dev.
Aug 27 21:01:48 localhost systemd[1]: Stopped Create list of required static device nodes for the current kernel.
Aug 27 21:01:48 localhost systemd[1]: Stopping Hardware RNG Entropy Gatherer Daemon...
Aug 27 21:01:48 localhost systemd[1]: Closed udev Control Socket.
Aug 27 21:01:48 localhost systemd[1]: Closed udev Kernel Socket.
Aug 27 21:01:48 localhost systemd[1]: Starting Cleanup udevd DB...
Aug 27 21:01:48 localhost systemd[1]: Stopped Hardware RNG Entropy Gatherer Daemon.
Aug 27 21:01:48 localhost systemd[1]: Started Cleanup udevd DB.
Aug 27 21:01:48 localhost systemd[1]: Reached target Switch Root.
Aug 27 21:01:48 localhost systemd[1]: Starting Switch Root...
Aug 27 21:01:48 localhost systemd[1]: Switching root.
Aug 27 21:01:48 localhost systemd-journald[276]: Journal stopped
Aug 27 21:01:52 localhost systemd-journald[276]: Received SIGTERM from PID 1 (systemd).
Aug 27 21:01:52 localhost kernel: printk: systemd: 24 output lines suppressed due to ratelimiting
Aug 27 21:01:52 localhost kernel: SELinux:  policy capability network_peer_controls=1
Aug 27 21:01:52 localhost kernel: SELinux:  policy capability open_perms=1
Aug 27 21:01:52 localhost kernel: SELinux:  policy capability extended_socket_class=1
Aug 27 21:01:52 localhost kernel: SELinux:  policy capability always_check_network=0
Aug 27 21:01:52 localhost kernel: SELinux:  policy capability cgroup_seclabel=1
Aug 27 21:01:52 localhost kernel: SELinux:  policy capability nnp_nosuid_transition=1
Aug 27 21:01:52 localhost kernel: audit: type=1403 audit(1598562109.656:2): auid=4294967295 ses=4294967295 lsm=selinux res=1
Aug 27 21:01:52 localhost systemd[1]: Successfully loaded SELinux policy in 716.401ms.
Aug 27 21:01:52 localhost systemd[1]: Relabelled /dev, /run and /sys/fs/cgroup in 34.289ms.
Aug 27 21:01:52 localhost systemd[1]: systemd 239 running in system mode. (+PAM +AUDIT +SELINUX +IMA -APPARMOR +SMACK +SYSVINIT +UTMP +LIBCRYPTSETUP +GCRYPT +GNUTLS +ACL +XZ +LZ4 +SECCOMP +BLKID +ELFUTILS +KMOD +IDN2 -IDN +PCRE2 default-hierarchy=legacy)
Aug 27 21:01:52 localhost systemd[1]: Detected virtualization oracle.
Aug 27 21:01:52 localhost systemd[1]: Detected architecture x86-64.
Aug 27 21:01:52 localhost systemd[1]: Stopped Switch Root.
Aug 27 21:01:52 localhost systemd[1]: systemd-journald.service: Service has no hold-off time (RestartSec=0), scheduling restart.
Aug 27 21:01:52 localhost systemd[1]: systemd-journald.service: Scheduled restart job, restart counter is at 1.
Aug 27 21:01:52 localhost systemd[1]: Stopped Journal Service.
Aug 27 21:01:52 localhost systemd[1]: Starting Journal Service...
Aug 27 21:01:52 localhost systemd[1]: Created slice system-sshd\x2dkeygen.slice.
Aug 27 21:01:52 localhost systemd[1]: Created slice User and Session Slice.
Aug 27 21:01:52 localhost systemd-journald[1426]: Journal started
Aug 27 21:01:52 localhost systemd-journald[1426]: Runtime journal (/run/log/journal/915df70d177a4e9bb67a1d0a3dcb4c1d) is 8.0M, max 99.3M, 91.3M free.
Aug 27 21:01:50 localhost systemd-tmpfiles[1451]: [/usr/lib/tmpfiles.d/subscription-manager.conf:1] Line references path below legacy directory /var/run/, updating /var/run/rhsm  /run/rhsm; please update the tmpfiles.d/ drop-in file accordingly.
Aug 27 21:01:52 localhost systemd[1]: Starting Flush Journal to Persistent Storage...
Aug 27 21:01:52 localhost systemd-journald[1426]: Runtime journal (/run/log/journal/915df70d177a4e9bb67a1d0a3dcb4c1d) is 8.0M, max 99.3M, 91.3M free.
Aug 27 21:01:52 localhost systemd[1]: Started Flush Journal to Persistent Storage.
Aug 27 21:01:52 localhost systemd[1]: Started udev Kernel Device Manager.
Aug 27 21:01:52 localhost kernel: piix4_smbus 0000:00:07.0: SMBus Host Controller at 0x4100, revision 0
Aug 27 21:01:52 localhost systemd-udevd[1467]: ctx=0x55f1466a3a40 path=/lib/modules/4.18.0-193.el8.x86_64/kernel/sound/pci/ac97/snd-ac97-codec.ko.xz error=No such file or directory
Aug 27 21:01:52 localhost kernel: input: PC Speaker as /devices/platform/pcspkr/input/input6
Aug 27 21:01:52 localhost kernel: RAPL PMU: API unit is 2^-32 Joules, 0 fixed counters, 10737418240 ms ovfl timer
Aug 27 21:01:52 localhost systemd-udevd[1465]: link_config: autonegotiation is unset or enabled, the speed and duplex are not writable.
Aug 27 21:01:52 localhost systemd-udevd[1470]: link_config: autonegotiation is unset or enabled, the speed and duplex are not writable.
Aug 27 21:01:53 localhost kernel: intel_pmc_core intel_pmc_core.0:  initialized
Aug 27 21:01:53 localhost systemd[1]: Started udev Wait for Complete Device Initialization.
Aug 27 21:01:53 localhost systemd[1]: Starting Device-Mapper Multipath Device Controller...
Aug 27 21:01:53 localhost multipathd[1512]: --------start up--------
Aug 27 21:01:53 localhost multipathd[1512]: read /etc/multipath.conf
Aug 27 21:01:53 localhost multipathd[1512]: path checkers start up
Aug 27 21:01:53 localhost systemd[1]: Started Device-Mapper Multipath Device Controller.
Aug 27 21:01:53 localhost systemd[1]: Reached target Local File Systems (Pre).
Aug 27 21:01:53 localhost systemd[1]: Reached target Local File Systems.
Aug 27 21:01:53 localhost systemd[1]: Starting Rebuild Dynamic Linker Cache...
Aug 27 21:01:53 localhost systemd[1]: Starting Tell Plymouth To Write Out Runtime Data...
Aug 27 21:01:53 localhost systemd[1]: Starting Import network configuration from initramfs...
Aug 27 21:01:53 localhost systemd[1]: Starting Rebuild Journal Catalog...
Aug 27 21:01:53 localhost systemd[1]: Started Tell Plymouth To Write Out Runtime Data.
Aug 27 21:01:53 localhost systemd[1]: Started Rebuild Journal Catalog.
Aug 27 21:01:55 localhost systemd[1]: Started Import network configuration from initramfs.
Aug 27 21:01:55 localhost systemd[1]: Starting Create Volatile Files and Directories...
Aug 27 21:01:55 localhost systemd-tmpfiles[1538]: [/usr/lib/tmpfiles.d/subscription-manager.conf:1] Line references path below legacy directory /var/run/, updating /var/run/rhsm  /run/rhsm; please update the tmpfiles.d/ drop-in file accordingly.
Aug 27 21:01:55 localhost systemd[1]: Started Rebuild Dynamic Linker Cache.
Aug 27 21:01:55 localhost systemd[1]: Starting Update is Completed...
Aug 27 21:01:55 localhost systemd[1]: Started Update is Completed.
Aug 27 21:01:55 localhost systemd[1]: Started Create Volatile Files and Directories.
Aug 27 21:01:55 localhost systemd[1]: Starting Update UTMP about System Boot/Shutdown...
Aug 27 21:01:55 localhost systemd[1]: Started Update UTMP about System Boot/Shutdown.
Aug 27 21:01:55 localhost systemd[1]: Reached target System Initialization.
Aug 27 21:01:55 localhost systemd[1]: Started Daily Cleanup of Temporary Directories.
Aug 27 21:01:55 localhost systemd[1]: Reached target Timers.
Aug 27 21:01:55 localhost systemd[1]: Listening on Open-iSCSI iscsid Socket.
Aug 27 21:01:55 localhost systemd[1]: Listening on Open-iSCSI iscsiuio Socket.
Aug 27 21:01:55 localhost systemd[1]: Listening on D-Bus System Message Bus Socket.
Aug 27 21:01:55 localhost systemd[1]: Reached target Sockets.
Aug 27 21:01:55 localhost systemd[1]: Reached target Basic System.
Aug 27 21:01:55 localhost systemd[1]: Starting Hold until boot process finishes up...
Aug 27 21:01:55 localhost systemd[1]: Starting pre-anaconda logging service...
Aug 27 21:01:55 localhost systemd[1]: Starting OpenSSH ed25519 Server Key Generation...
Aug 27 21:01:55 localhost systemd[1]: Starting OpenSSH rsa Server Key Generation...
Aug 27 21:01:55 localhost systemd[1]: Starting Login Service...
Aug 27 21:01:55 localhost systemd[1]: Starting Terminate Plymouth Boot Screen...
Aug 27 21:01:55 localhost systemd[1]: Starting Hardware RNG Entropy Gatherer Wake threshold service...
Aug 27 21:01:55 localhost systemd[1]: Starting OpenSSH ecdsa Server Key Generation...
Aug 27 21:01:55 localhost systemd[1]: Starting Anaconda NetworkManager configuration...
Aug 27 21:01:55 localhost systemd[1]: Starting Service enabling compressing RAM with zRam...
Aug 27 21:01:55 localhost systemd[1]: Started Hold until boot process finishes up.
Aug 27 21:01:55 localhost systemd[1]: Started pre-anaconda logging service.
Aug 27 21:01:55 localhost zramswapon[1560]: + MAX_RAM_ON=2097152
Aug 27 21:01:55 localhost systemd[1]: Started Terminate Plymouth Boot Screen.
Aug 27 21:01:55 localhost systemd[1]: Started Hardware RNG Entropy Gatherer Wake threshold service.
Aug 27 21:01:55 localhost systemd[1]: Started Anaconda NetworkManager configuration.
Aug 27 21:01:55 localhost zramswapon[1560]: ++ grep -E --only-matching '[[:digit:]]+'
Aug 27 21:01:55 localhost zramswapon[1560]: ++ grep MemTotal /proc/meminfo
Aug 27 21:01:55 localhost systemd[1]: Received SIGRTMIN+21 from PID 882 (n/a).
Aug 27 21:01:55 localhost systemd[1]: Starting Network Manager...
Aug 27 21:01:55 localhost zramswapon[1560]: + mem_total_kb=2034928
Aug 27 21:01:55 localhost zramswapon[1560]: + grep -E 'inst\.zram=(on|1)' /proc/cmdline
Aug 27 21:01:55 localhost zramswapon[1560]: + force=1
Aug 27 21:01:55 localhost zramswapon[1560]: + '[' '(' 2034928 -gt 2097152 ')' -a '(' 1 '!=' 0 ')' ']'
Aug 27 21:01:55 localhost systemd[1]: Started Hardware RNG Entropy Gatherer Daemon.
Aug 27 21:01:55 localhost zramswapon[1560]: ++ getconf _NPROCESSORS_ONLN
Aug 27 21:01:55 localhost zramswapon[1560]: + num_cpus=1
Aug 27 21:01:55 localhost zramswapon[1560]: + modprobe zram
Aug 27 21:01:55 localhost systemd[1]: Started D-Bus System Message Bus.
Aug 27 21:01:55 localhost kernel: zram: Added device: zram0
Aug 27 21:01:55 localhost zramswapon[1560]: + echo 1
Aug 27 21:01:55 localhost zramswapon[1560]: + echo 2034928K
Aug 27 21:01:55 localhost zramswapon[1560]: + mkswap /dev/zram0
Aug 27 21:01:55 localhost kernel: zram0: detected capacity change from 0 to 2083766272
Aug 27 21:01:55 localhost zramswapon[1560]: Setting up swapspace version 1, size = 2 GiB (2083762176 bytes)
Aug 27 21:01:55 localhost zramswapon[1560]: no label, UUID=61dda2a1-8a48-4ec3-8b9e-1e89ec74fb59
Aug 27 21:01:55 localhost zramswapon[1560]: + swapon -p 100 /dev/zram0
Aug 27 21:01:55 localhost kernel: Adding 2034924k swap on /dev/zram0.  Priority:100 extents:1 across:2034924k SSFS
Aug 27 21:01:56 localhost zramswapon[1560]: + '[' 2034928 -le 1048576 ']'
Aug 27 21:01:56 localhost zramswapon[1560]: + exit 0
Aug 27 21:01:56 localhost systemd[1]: Started OpenSSH ed25519 Server Key Generation.
Aug 27 21:01:56 localhost systemd[1]: Started OpenSSH ecdsa Server Key Generation.
Aug 27 21:01:56 localhost systemd[1]: Started Service enabling compressing RAM with zRam.
Aug 27 21:01:56 localhost rngd[1583]: Initializing available sources
Aug 27 21:01:56 localhost rngd[1583]: Failed to init entropy source hwrng
Aug 27 21:01:56 localhost rngd[1583]: Enabling RDSEED rng support
Aug 27 21:01:56 localhost rngd[1583]: Initializing entropy source rdrand
Aug 27 21:01:56 localhost NetworkManager[1578]: <debug> [1598562116.2474] monotonic timestamp started counting 1.653393430 seconds ago with an offset of 29.0 seconds to CLOCK_BOOTTIME (local time is 2020-08-27 21:01:56)
Aug 27 21:01:56 localhost NetworkManager[1578]: <info>  [1598562116.2480] NetworkManager (version 1.22.8-4.el8) is starting... (for the first time)
Aug 27 21:01:56 localhost NetworkManager[1578]: <info>  [1598562116.2481] Read config: /etc/NetworkManager/NetworkManager.conf (etc: 80-anaconda-no-ibft.conf, 90-anaconda-no-auto-default.conf, 91-anaconda-autoconnect-slaves.conf, 92-anaconda-loglevel-debug.conf)
Aug 27 21:01:56 localhost NetworkManager[1578]: <debug> [1598562116.2482] CONFIG: config-data[0x558cc5b7d840]: 3 groups
Aug 27 21:01:56 localhost NetworkManager[1578]: <debug> [1598562116.2483] CONFIG: 
Aug 27 21:01:56 localhost NetworkManager[1578]: <debug> [1598562116.2484] CONFIG: [main]
Aug 27 21:01:56 localhost NetworkManager[1578]: <debug> [1598562116.2485] CONFIG:   plugins=ifcfg-rh,no-ibft
Aug 27 21:01:56 localhost NetworkManager[1578]: <debug> [1598562116.2486] CONFIG:   no-auto-default=*
Aug 27 21:01:56 localhost NetworkManager[1578]: <debug> [1598562116.2487] CONFIG: 
Aug 27 21:01:56 localhost NetworkManager[1578]: <debug> [1598562116.2488] CONFIG: [logging]
Aug 27 21:01:56 localhost NetworkManager[1578]: <debug> [1598562116.2489] CONFIG:   level=DEBUG
Aug 27 21:01:56 localhost NetworkManager[1578]: <debug> [1598562116.2498] CONFIG: 
Aug 27 21:01:56 localhost NetworkManager[1578]: <debug> [1598562116.2499] CONFIG: [connection]
Aug 27 21:01:56 localhost NetworkManager[1578]: <debug> [1598562116.2500] CONFIG:   connection.autoconnect-slaves=1
Aug 27 21:01:56 localhost NetworkManager[1578]: <debug> [1598562116.2501] CONFIG: 
Aug 27 21:01:56 localhost NetworkManager[1578]: <debug> [1598562116.2502] CONFIG: # no-auto-default file "/var/lib/NetworkManager/no-auto-default.state"
Aug 27 21:01:56 localhost NetworkManager[1578]: <debug> [1598562116.2503] config: state: missing state file "/var/lib/NetworkManager/NetworkManager.state": No such file or directory
Aug 27 21:01:56 localhost NetworkManager[1578]: <debug> [1598562116.2504] WEXT support is disabled
Aug 27 21:01:56 localhost NetworkManager[1578]: <debug> [1598562116.2558] create NMDBusManager singleton (6c5317dbd526b1ca)
Aug 27 21:01:56 localhost systemd[1]: Started Network Manager.
Aug 27 21:01:56 localhost systemd[1]: Reached target Network.
Aug 27 21:01:56 localhost systemd[1]: Starting RHSM dbus service...
Aug 27 21:01:56 localhost systemd[1]: Starting Network Manager Wait Online...
Aug 27 21:01:56 localhost NetworkManager[1578]: <info>  [1598562116.2675] bus-manager: acquired D-Bus service "org.freedesktop.NetworkManager"
Aug 27 21:01:56 localhost NetworkManager[1578]: <debug> [1598562116.2677] netns[0x558cc5b94560]: new netns (net:8, mnt:9)
Aug 27 21:01:56 localhost NetworkManager[1578]: <debug> [1598562116.2685] platform-linux: create (ignore netns, initial netns, use udev)
Aug 27 21:01:56 localhost NetworkManager[1578]: <debug> [1598562116.2801] platform-linux: Netlink socket for events established: port=1578, fd=12
Aug 27 21:01:56 localhost NetworkManager[1578]: <debug> [1598562116.2803] platform-linux: populate platform cache
Aug 27 21:01:56 localhost NetworkManager[1578]: <debug> [1598562116.2805] platform: kernel-support for USER_IPV6LL (IFLA_INET6_ADDR_GEN_MODE support) detected: supported
Aug 27 21:01:56 localhost NetworkManager[1578]: <debug> [1598562116.2812] platform: (lo) signal: link   added: 1: lo <UP,LOWER_UP;loopback,up,running,lowerup> mtu 65536 arp 772 loopback? not-init addrgenmode eui64 addr 00:00:00:00:00:00 brd 00:00:00:00:00:00 driver unknown rx:6,416 tx:6,416
Aug 27 21:01:56 localhost NetworkManager[1578]: <debug> [1598562116.2833] platform: (enp0s3) signal: link   added: 2: enp0s3 <DOWN;broadcast,multicast> mtu 1500 arp 1 ethernet? not-init addrgenmode eui64 addr 08:00:27:38:E6:E4 brd FF:FF:FF:FF:FF:FF driver e1000 rx:0,0 tx:0,0
Aug 27 21:01:56 localhost NetworkManager[1578]: <debug> [1598562116.2851] platform: kernel-support for EXTENDED_IFA_FLAGS (IPv6 temporary addresses support) detected: supported
Aug 27 21:01:56 localhost NetworkManager[1578]: <debug> [1598562116.2869] platform: (lo) signal: address 4   added: 127.0.0.1/8 lft forever pref forever lifetime 1-0[4294967295,4294967295] dev 1 flags permanent src kernel
Aug 27 21:01:56 localhost NetworkManager[1578]: <debug> [1598562116.2872] platform: (lo) signal: address 6   added: ::1/128 lft forever pref forever lifetime 1-0[4294967295,4294967295] dev 1 flags permanent src kernel
Aug 27 21:01:56 localhost NetworkManager[1578]: <debug> [1598562116.2873] platform: kernel-support for RTA_PREF (ability to set router preference for IPv6 routes) detected: supported
Aug 27 21:01:56 localhost NetworkManager[1578]: <debug> [1598562116.2875] platform: (lo) signal: route   6   added: ::1/128 via :: dev 1 metric 256 mss 0 rt-src rt-kernel
Aug 27 21:01:56 localhost NetworkManager[1578]: <debug> [1598562116.2876] platform: kernel-support for FRA_PROTOCOL (FRA_PROTOCOL attribute for policy routing rules) detected: supported
Aug 27 21:01:56 localhost NetworkManager[1578]: <debug> [1598562116.2877] platform: kernel-support for FRA_UID_RANGE (FRA_UID_RANGE attribute for policy routing rules) not detected: assume supported
Aug 27 21:01:56 localhost NetworkManager[1578]: <debug> [1598562116.2879] platform: kernel-support for FRA_L3MDEV (FRA_L3MDEV attribute for policy routing rules) not detected: assume supported
Aug 27 21:01:56 localhost NetworkManager[1578]: <debug> [1598562116.2879] platform: kernel-support for FRA_IP_PROTO (FRA_IP_PROTO, FRA_SPORT_RANGE, FRA_DPORT_RANGE attributes for policy routing rules) not detected: assume supported
Aug 27 21:01:56 localhost NetworkManager[1578]: <debug> [1598562116.2880] platform: signal: rt-rule   added: [4] 0: from all lookup 255 protocol 2
Aug 27 21:01:56 localhost NetworkManager[1578]: <debug> [1598562116.2881] platform: signal: rt-rule   added: [4] 32766: from all lookup 254 protocol 2
Aug 27 21:01:56 localhost NetworkManager[1578]: <debug> [1598562116.2882] platform: signal: rt-rule   added: [4] 32767: from all lookup 253 protocol 2
Aug 27 21:01:56 localhost NetworkManager[1578]: <debug> [1598562116.2903] platform: signal: rt-rule   added: [6] 0: from all lookup 255 protocol 2
Aug 27 21:01:56 localhost NetworkManager[1578]: <debug> [1598562116.2925] platform: signal: rt-rule   added: [6] 32766: from all lookup 254 protocol 2
Aug 27 21:01:56 localhost NetworkManager[1578]: <debug> [1598562116.2928] platform: (lo) signal: qdisc   added: noqueue dev 1 family 0 handle 0 parent ffffffff info 2
Aug 27 21:01:56 localhost NetworkManager[1578]: <debug> [1598562116.2935] platform: (enp0s3) signal: link changed: 2: enp0s3 <DOWN;broadcast,multicast> mtu 1500 arp 1 ethernet? init addrgenmode eui64 addr 08:00:27:38:E6:E4 brd FF:FF:FF:FF:FF:FF driver e1000 rx:0,0 tx:0,0
Aug 27 21:01:56 localhost NetworkManager[1578]: <debug> [1598562116.3193] platform: (lo) signal: link changed: 1: lo <UP,LOWER_UP;loopback,up,running,lowerup> mtu 65536 arp 772 loopback? init addrgenmode eui64 addr 00:00:00:00:00:00 brd 00:00:00:00:00:00 driver unknown rx:6,416 tx:6,416
Aug 27 21:01:56 localhost NetworkManager[1578]: <debug> [1598562116.3197] setup NMPlatform singleton (0f27425ec3628455)
Aug 27 21:01:56 localhost NetworkManager[1578]: <debug> [1598562116.3199] rules-manager: routing-rule: track [282ac5c77b4b9692,0] "[4] 0: from all lookup 255 protocol 2")
Aug 27 21:01:56 localhost NetworkManager[1578]: <debug> [1598562116.3200] rules-manager: routing-rule: track [282ac5c77b4b9692,0] "[4] 32766: from all lookup 254 protocol 2")
Aug 27 21:01:56 localhost NetworkManager[1578]: <debug> [1598562116.3201] rules-manager: routing-rule: track [282ac5c77b4b9692,0] "[4] 32767: from all lookup 253 protocol 2")
Aug 27 21:01:56 localhost NetworkManager[1578]: <debug> [1598562116.3202] rules-manager: routing-rule: track [282ac5c77b4b9692,0] "[6] 0: from all lookup 255 protocol 2")
Aug 27 21:01:56 localhost NetworkManager[1578]: <debug> [1598562116.3254] rules-manager: routing-rule: track [282ac5c77b4b9692,0] "[6] 32766: from all lookup 254 protocol 2")
Aug 27 21:01:56 localhost NetworkManager[1578]: <debug> [1598562116.3299] rules-manager: routing-rule: track [7702fa82987dae91,0] "[4] 0: from all lookup 255 protocol 2")
Aug 27 21:01:56 localhost NetworkManager[1578]: <debug> [1598562116.3308] rules-manager: routing-rule: track [7702fa82987dae91,0] "[4] 32766: from all lookup 254 protocol 2")
Aug 27 21:01:56 localhost NetworkManager[1578]: <debug> [1598562116.3350] rules-manager: routing-rule: track [7702fa82987dae91,0] "[4] 32767: from all lookup 253 protocol 2")
Aug 27 21:01:56 localhost NetworkManager[1578]: <debug> [1598562116.3408] rules-manager: routing-rule: track [7702fa82987dae91,0] "[6] 0: from all lookup 255 protocol 2")
Aug 27 21:01:56 localhost NetworkManager[1578]: <debug> [1598562116.3416] rules-manager: routing-rule: track [7702fa82987dae91,0] "[6] 32766: from all lookup 254 protocol 2")
Aug 27 21:01:56 localhost NetworkManager[1578]: <debug> [1598562116.3484] create NMNetns singleton (e078523e01d3f100)
Aug 27 21:01:56 localhost NetworkManager[1578]: <debug> [1598562116.3533] auth[0x558cc5b7e5e0]: create auth-manager: polkit enabled
Aug 27 21:01:56 localhost NetworkManager[1578]: <debug> [1598562116.3535] auth[0x558cc5b7e5e0]: set instance
Aug 27 21:01:56 localhost NetworkManager[1578]: <debug> [1598562116.3542] setup NMAuthManager singleton (e793a08bf421653c)
Aug 27 21:01:56 localhost NetworkManager[1578]: <info>  [1598562116.4002] manager[0x558cc5ba3090]: monitoring kernel firmware directory '/lib/firmware'.
Aug 27 21:01:56 localhost NetworkManager[1578]: <debug> [1598562116.4183] session-monitor: using systemd-logind session tracking
Aug 27 21:01:56 localhost NetworkManager[1578]: <debug> [1598562116.4197] create NMSessionMonitor singleton (bb1bb6798b3b87fc)
Aug 27 21:01:56 localhost NetworkManager[1578]: <debug> [1598562116.4235] create NMAgentManager singleton (3cc9b1c32c007a94)
Aug 27 21:01:56 localhost dbus-daemon[1590]: [system] Activating via systemd: service name='org.freedesktop.hostname1' unit='dbus-org.freedesktop.hostname1.service' requested by ':1.2' (uid=0 pid=1578 comm="/usr/sbin/NetworkManager --no-daemon " label="system_u:system_r:kernel_t:s0")
Aug 27 21:01:56 localhost systemd[1]: Starting Hostname Service...
Aug 27 21:01:57 localhost systemd[1]: Started OpenSSH rsa Server Key Generation.
Aug 27 21:01:57 localhost systemd[1]: Reached target sshd-keygen.target.
Aug 27 21:01:59 localhost systemd-logind[1550]: New seat seat0.
Aug 27 21:01:59 localhost systemd-logind[1550]: Watching system buttons on /dev/input/event0 (Power Button)
Aug 27 21:01:59 localhost systemd-logind[1550]: Watching system buttons on /dev/input/event1 (Sleep Button)
Aug 27 21:01:59 localhost systemd-logind[1550]: Watching system buttons on /dev/input/event2 (AT Translated Set 2 keyboard)
Aug 27 21:01:59 localhost systemd[1]: Started Login Service.
Aug 27 21:01:59 localhost dbus-daemon[1590]: [system] Successfully activated service 'org.freedesktop.hostname1'
Aug 27 21:01:59 localhost systemd[1]: Started Hostname Service.
Aug 27 21:01:59 localhost NetworkManager[1578]: <info>  [1598562119.3038] hostname: hostname: using hostnamed
Aug 27 21:01:59 localhost NetworkManager[1578]: <debug> [1598562119.3038] create NMHostnameManager singleton (26cc140f01ede76b)
Aug 27 21:01:59 localhost NetworkManager[1578]: <debug> [1598562119.3040] create NMFirewallManager singleton (6e1e8a73dc7229bc)
Aug 27 21:01:59 localhost NetworkManager[1578]: <info>  [1598562119.3041] dns-mgr[0x558cc5b87250]: init: dns=default,systemd-resolved rc-manager=symlink
Aug 27 21:01:59 localhost NetworkManager[1578]: <debug> [1598562119.3041] create NMDnsManager singleton (a2171cb8771a2383)
Aug 27 21:01:59 localhost NetworkManager[1578]: <debug> [1598562119.3041] policy: hostname-mode: full
Aug 27 21:01:59 localhost NetworkManager[1578]: <debug> [1598562119.3044] setup NMManager singleton (f248b18e491af7e7)
Aug 27 21:01:59 localhost NetworkManager[1578]: <debug> [1598562119.3065] create NMConnectivity singleton (29e3e59e4766e27f)
Aug 27 21:01:59 localhost NetworkManager[1578]: <debug> [1598562119.3117] Loaded device plugin: NM6LowpanDeviceFactory (internal)
Aug 27 21:01:59 localhost NetworkManager[1578]: <debug> [1598562119.3118] Loaded device plugin: NMBondDeviceFactory (internal)
Aug 27 21:01:59 localhost NetworkManager[1578]: <debug> [1598562119.3118] Loaded device plugin: NMBridgeDeviceFactory (internal)
Aug 27 21:01:59 localhost NetworkManager[1578]: <debug> [1598562119.3118] Loaded device plugin: NMDummyDeviceFactory (internal)
Aug 27 21:01:59 localhost NetworkManager[1578]: <debug> [1598562119.3118] Loaded device plugin: NMEthernetDeviceFactory (internal)
Aug 27 21:01:59 localhost NetworkManager[1578]: <debug> [1598562119.3118] Loaded device plugin: NMInfinibandDeviceFactory (internal)
Aug 27 21:01:59 localhost NetworkManager[1578]: <debug> [1598562119.3119] Loaded device plugin: NMIPTunnelDeviceFactory (internal)
Aug 27 21:01:59 localhost NetworkManager[1578]: <debug> [1598562119.3119] Loaded device plugin: NMMacsecDeviceFactory (internal)
Aug 27 21:01:59 localhost NetworkManager[1578]: <debug> [1598562119.3119] Loaded device plugin: NMMacvlanDeviceFactory (internal)
Aug 27 21:01:59 localhost NetworkManager[1578]: <debug> [1598562119.3119] Loaded device plugin: NMPppDeviceFactory (internal)
Aug 27 21:01:59 localhost NetworkManager[1578]: <debug> [1598562119.3120] Loaded device plugin: NMTunDeviceFactory (internal)
Aug 27 21:01:59 localhost NetworkManager[1578]: <debug> [1598562119.3120] Loaded device plugin: NMVethDeviceFactory (internal)
Aug 27 21:01:59 localhost NetworkManager[1578]: <debug> [1598562119.3120] Loaded device plugin: NMVlanDeviceFactory (internal)
Aug 27 21:01:59 localhost NetworkManager[1578]: <debug> [1598562119.3120] Loaded device plugin: NMVxlanDeviceFactory (internal)
Aug 27 21:01:59 localhost NetworkManager[1578]: <debug> [1598562119.3120] Loaded device plugin: NMWireGuardDeviceFactory (internal)
Aug 27 21:01:59 localhost NetworkManager[1578]: <debug> [1598562119.3120] Loaded device plugin: NMWpanDeviceFactory (internal)
Aug 27 21:01:59 localhost NetworkManager[1578]: <info>  [1598562119.3193] Loaded device plugin: NMTeamFactory (/usr/lib64/NetworkManager/1.22.8-4.el8/libnm-device-plugin-team.so)
Aug 27 21:01:59 localhost NetworkManager[1578]: <info>  [1598562119.3257] Loaded device plugin: NMWifiFactory (/usr/lib64/NetworkManager/1.22.8-4.el8/libnm-device-plugin-wifi.so)
Aug 27 21:01:59 localhost NetworkManager[1578]: <info>  [1598562119.3262] manager: rfkill: Wi-Fi enabled by radio killswitch; enabled by state file
Aug 27 21:01:59 localhost NetworkManager[1578]: <info>  [1598562119.3270] manager: rfkill: WWAN enabled by radio killswitch; enabled by state file
Aug 27 21:01:59 localhost NetworkManager[1578]: <info>  [1598562119.3286] manager: Networking is enabled by state file
Aug 27 21:01:59 localhost NetworkManager[1578]: <debug> [1598562119.3288] dispatcher: (1) dispatching action 'hostname'
Aug 27 21:01:59 localhost dbus-daemon[1590]: [system] Activating via systemd: service name='org.freedesktop.nm_dispatcher' unit='dbus-org.freedesktop.nm-dispatcher.service' requested by ':1.2' (uid=0 pid=1578 comm="/usr/sbin/NetworkManager --no-daemon " label="system_u:system_r:kernel_t:s0")
Aug 27 21:01:59 localhost systemd[1]: Starting Network Manager Script Dispatcher Service...
Aug 27 21:01:59 localhost NetworkManager[1578]: <debug> [1598562119.3343] dhcp-init: enabled DHCP client 'dhclient'
Aug 27 21:01:59 localhost NetworkManager[1578]: <debug> [1598562119.3350] dhcp-init: enabled DHCP client 'internal'
Aug 27 21:01:59 localhost NetworkManager[1578]: <debug> [1598562119.3351] dhcp-init: enabled DHCP client 'systemd' (undocumented internal plugin)
Aug 27 21:01:59 localhost NetworkManager[1578]: <debug> [1598562119.3352] dhcp-init: enabled DHCP client 'nettools' (undocumented internal plugin)
Aug 27 21:01:59 localhost NetworkManager[1578]: <info>  [1598562119.3353] dhcp-init: Using DHCP client 'internal'
Aug 27 21:01:59 localhost NetworkManager[1578]: <debug> [1598562119.3354] create NMDhcpManager singleton (0f1dabcdeec0772e)
Aug 27 21:01:59 localhost NetworkManager[1578]: <info>  [1598562119.3545] settings: Loaded settings plugin: ifcfg-rh ("/usr/lib64/NetworkManager/1.22.8-4.el8/libnm-settings-plugin-ifcfg-rh.so")
Aug 27 21:01:59 localhost NetworkManager[1578]: <warn>  [1598562119.3547] settings: skipping deprecated plugin no-ibft
Aug 27 21:01:59 localhost NetworkManager[1578]: <info>  [1598562119.3548] settings: Loaded settings plugin: keyfile (internal)
Aug 27 21:01:59 localhost NetworkManager[1578]: <debug> [1598562119.3575] device[69f5051119d1bf2d] (lo): unmanaged: flags set to [platform-init,by-default=0x110/0x110/unmanaged/unrealized], set-unmanaged [by-default=0x100])
Aug 27 21:01:59 localhost NetworkManager[1578]: <debug> [1598562119.3578] device[69f5051119d1bf2d] (lo): constructed (NMDeviceGeneric)
Aug 27 21:01:59 localhost NetworkManager[1578]: <debug> [1598562119.3579] device[69f5051119d1bf2d] (lo): start setup of NMDeviceGeneric, kernel ifindex 1
Aug 27 21:01:59 localhost NetworkManager[1578]: <debug> [1598562119.3580] device[69f5051119d1bf2d] (lo): assume-state: set guess-assume=1, connection=(null)
Aug 27 21:01:59 localhost NetworkManager[1578]: <debug> [1598562119.3583] platform-linux: error reading net:/sys/class/net/lo/phys_port_id: error reading 4096 bytes from file descriptor: Operation not supported
Aug 27 21:01:59 localhost NetworkManager[1578]: <debug> [1598562119.3585] platform-linux: sysctl: reading 'net:/sys/class/net/lo/dev_id': '0x0'
Aug 27 21:01:59 localhost NetworkManager[1578]: <debug> [1598562119.3587] platform-linux: error reading net:/sys/class/net/lo/device/sriov_totalvfs: Failed to open file "device/sriov_totalvfs" with openat: No such file or directory
Aug 27 21:01:59 localhost NetworkManager[1578]: <debug> [1598562119.3589] device[69f5051119d1bf2d] (lo): hw-addr: hardware address now 00:00:00:00:00:00
Aug 27 21:01:59 localhost NetworkManager[1578]: <debug> [1598562119.3593] device[69f5051119d1bf2d] (lo): hw-addr: update initial MAC address 00:00:00:00:00:00
Aug 27 21:01:59 localhost NetworkManager[1578]: <debug> [1598562119.3595] device[69f5051119d1bf2d] (lo): hw-addr: unable to read permanent MAC address (use current: 00:00:00:00:00:00)
Aug 27 21:01:59 localhost NetworkManager[1578]: <info>  [1598562119.3596] device (lo): carrier: link connected
Aug 27 21:01:59 localhost NetworkManager[1578]: <debug> [1598562119.3597] device[69f5051119d1bf2d] (lo): unmanaged: flags set to [platform-init,by-default,!external-down=0x110/0x910/unmanaged/unrealized], set-managed [external-down=0x800])
Aug 27 21:01:59 localhost NetworkManager[1578]: <debug> [1598562119.3599] device[69f5051119d1bf2d] (lo): unmanaged: flags set to [by-type,platform-init,by-default,!external-down=0x118/0x918/unmanaged/unrealized], set-unmanaged [by-type=0x8])
Aug 27 21:01:59 localhost NetworkManager[1578]: <debug> [1598562119.3600] device[69f5051119d1bf2d] (lo): unmanaged: flags set to [by-type,platform-init,by-default,!user-settings,!external-down=0x118/0x958/unmanaged/unrealized], set-managed [user-settings=0x40])
Aug 27 21:01:59 localhost NetworkManager[1578]: <debug> [1598562119.3601] device[69f5051119d1bf2d] (lo): unmanaged: flags set to [by-type,by-default,!platform-init,!user-settings,!external-down=0x108/0x958/unmanaged/unrealized], set-managed [platform-init=0x10])
Aug 27 21:01:59 localhost NetworkManager[1578]: <debug> [1598562119.3602] device[69f5051119d1bf2d] (lo): unmanaged: flags set to [by-type,by-default,!sleeping,!platform-init,!user-settings,!external-down=0x108/0x959/unmanaged/unrealized], set-managed [sleeping=0x1])
Aug 27 21:01:59 localhost NetworkManager[1578]: <info>  [1598562119.3639] manager: (lo): new Generic device (/org/freedesktop/NetworkManager/Devices/1)
Aug 27 21:01:59 localhost NetworkManager[1578]: <debug> [1598562119.3702] device[69f5051119d1bf2d] (lo): assume-state: set guess-assume=0, connection=(null)
Aug 27 21:01:59 localhost NetworkManager[1578]: <debug> [1598562119.3705] device[78160529a5a3f25d] (enp0s3): constructed (NMDeviceEthernet)
Aug 27 21:01:59 localhost NetworkManager[1578]: <debug> [1598562119.3711] device[78160529a5a3f25d] (enp0s3): start setup of NMDeviceEthernet, kernel ifindex 2
Aug 27 21:01:59 localhost NetworkManager[1578]: <debug> [1598562119.3713] device[78160529a5a3f25d] (enp0s3): assume-state: set guess-assume=1, connection=(null)
Aug 27 21:01:59 localhost NetworkManager[1578]: <debug> [1598562119.3715] platform-linux: error reading net:/sys/class/net/enp0s3/phys_port_id: error reading 4096 bytes from file descriptor: Operation not supported
Aug 27 21:01:59 localhost NetworkManager[1578]: <debug> [1598562119.3717] platform-linux: sysctl: reading 'net:/sys/class/net/enp0s3/dev_id': '0x0'
Aug 27 21:01:59 localhost NetworkManager[1578]: <debug> [1598562119.3719] platform-linux: error reading net:/sys/class/net/enp0s3/device/sriov_totalvfs: Failed to open file "device/sriov_totalvfs" with openat: No such file or directory
Aug 27 21:01:59 localhost NetworkManager[1578]: <debug> [1598562119.3741] device[78160529a5a3f25d] (enp0s3): hw-addr: hardware address now 08:00:27:38:E6:E4
Aug 27 21:01:59 localhost NetworkManager[1578]: <debug> [1598562119.3744] device[78160529a5a3f25d] (enp0s3): hw-addr: update initial MAC address 08:00:27:38:E6:E4
Aug 27 21:01:59 localhost NetworkManager[1578]: <debug> [1598562119.3745] device[78160529a5a3f25d] (enp0s3): hw-addr: read permanent MAC address '08:00:27:38:E6:E4'
Aug 27 21:01:59 localhost NetworkManager[1578]: <debug> [1598562119.3747] device[78160529a5a3f25d] (enp0s3): unmanaged: flags set to [platform-init,!by-type=0x10/0x18/unmanaged/unrealized], set-managed [by-type=0x8])
Aug 27 21:01:59 localhost NetworkManager[1578]: <debug> [1598562119.3749] device[78160529a5a3f25d] (enp0s3): unmanaged: flags set to [platform-init,!by-type,!user-settings=0x10/0x58/unmanaged/unrealized], set-managed [user-settings=0x40])
Aug 27 21:01:59 localhost NetworkManager[1578]: <debug> [1598562119.3750] device[78160529a5a3f25d] (enp0s3): unmanaged: flags set to [!by-type,!platform-init,!user-settings=0x0/0x58/managed/unrealized], set-managed [platform-init=0x10])
Aug 27 21:01:59 localhost NetworkManager[1578]: <debug> [1598562119.3752] device[78160529a5a3f25d] (enp0s3): unmanaged: flags set to [!sleeping,!by-type,!platform-init,!user-settings=0x0/0x59/managed/unrealized], set-managed [sleeping=0x1])
Aug 27 21:01:59 localhost NetworkManager[1578]: <info>  [1598562119.3764] manager: (enp0s3): new Ethernet device (/org/freedesktop/NetworkManager/Devices/2)
Aug 27 21:01:59 localhost NetworkManager[1578]: <debug> [1598562119.3813] device[78160529a5a3f25d] (enp0s3): ip4-config: update (commit=0, new-config=0x558cc5bb2260)
Aug 27 21:01:59 localhost NetworkManager[1578]: <debug> [1598562119.3832] device[78160529a5a3f25d] (enp0s3): ip4-config: set IP Config instance (/org/freedesktop/NetworkManager/IP4Config/1)
Aug 27 21:01:59 localhost NetworkManager[1578]: <debug> [1598562119.3843] dns-mgr: (device_ip_config_changed): queueing DNS updates (1)
Aug 27 21:01:59 localhost NetworkManager[1578]: <debug> [1598562119.3845] dns-mgr: (device_ip_config_changed): DNS configuration did not change
Aug 27 21:01:59 localhost NetworkManager[1578]: <debug> [1598562119.3846] dns-mgr: (device_ip_config_changed): no DNS changes to commit (0)
Aug 27 21:01:59 localhost NetworkManager[1578]: <debug> [1598562119.3849] platform-linux: sysctl: reading '/proc/sys/net/ipv6/conf/enp0s3/disable_ipv6': '0'
Aug 27 21:01:59 localhost NetworkManager[1578]: <debug> [1598562119.3858] device[78160529a5a3f25d] (enp0s3): ip6-config: update (commit=0, new-config=0x558cc5b98390)
Aug 27 21:01:59 localhost NetworkManager[1578]: <debug> [1598562119.3868] device[78160529a5a3f25d] (enp0s3): ip6-config: set IP Config instance (/org/freedesktop/NetworkManager/IP6Config/1)
Aug 27 21:01:59 localhost NetworkManager[1578]: <debug> [1598562119.3891] dns-mgr: (device_ip_config_changed): queueing DNS updates (1)
Aug 27 21:01:59 localhost NetworkManager[1578]: <debug> [1598562119.3892] dns-mgr: (device_ip_config_changed): DNS configuration did not change
Aug 27 21:01:59 localhost NetworkManager[1578]: <debug> [1598562119.3894] dns-mgr: (device_ip_config_changed): no DNS changes to commit (0)
Aug 27 21:01:59 localhost NetworkManager[1578]: <debug> [1598562119.3895] device[78160529a5a3f25d] (enp0s3): assume-state: set guess-assume=0, connection=(null)
Aug 27 21:01:59 localhost NetworkManager[1578]: <debug> [1598562119.3896] manager: (enp0s3): assume: cannot generate connection: device has no existing configuration
Aug 27 21:01:59 localhost NetworkManager[1578]: <info>  [1598562119.3897] device (enp0s3): state change: unmanaged -> unavailable (reason 'managed', sys-iface-state: 'external')
Aug 27 21:01:59 localhost NetworkManager[1578]: <debug> [1598562119.3898] device[78160529a5a3f25d] (enp0s3): add_pending_action (1): 'in-state-change'
Aug 27 21:01:59 localhost NetworkManager[1578]: <debug> [1598562119.3900] platform-linux: sysctl: reading '/proc/sys/net/ipv6/conf/enp0s3/accept_ra': '1'
Aug 27 21:01:59 localhost NetworkManager[1578]: <debug> [1598562119.3906] platform-linux: sysctl: reading '/proc/sys/net/ipv6/conf/enp0s3/forwarding': '0'
Aug 27 21:01:59 localhost NetworkManager[1578]: <debug> [1598562119.3908] platform-linux: sysctl: reading '/proc/sys/net/ipv6/conf/enp0s3/hop_limit': '64'
Aug 27 21:01:59 localhost NetworkManager[1578]: <debug> [1598562119.3910] platform-linux: sysctl: reading '/proc/sys/net/ipv6/conf/enp0s3/use_tempaddr': '0'
Aug 27 21:01:59 localhost NetworkManager[1578]: <debug> [1598562119.3911] device[78160529a5a3f25d] (enp0s3): will enable userland IPv6LL
Aug 27 21:01:59 localhost NetworkManager[1578]: <debug> [1598562119.3912] platform-linux: link: change 2: user-ipv6ll: set IPv6 address generation mode to none
Aug 27 21:01:59 localhost NetworkManager[1578]: <debug> [1598562119.3913] platform-linux: do-request-link: 2 
Aug 27 21:01:59 localhost NetworkManager[1578]: <debug> [1598562119.3915] platform: (enp0s3) signal: link changed: 2: enp0s3 <DOWN;broadcast,multicast> mtu 1500 arp 1 ethernet? init addrgenmode none addr 08:00:27:38:E6:E4 brd FF:FF:FF:FF:FF:FF driver e1000 rx:0,0 tx:0,0
Aug 27 21:01:59 localhost NetworkManager[1578]: <debug> [1598562119.3920] device[78160529a5a3f25d] (enp0s3): queued link change for ifindex 2
Aug 27 21:01:59 localhost NetworkManager[1578]: <debug> [1598562119.3922] platform-linux: do-change-link[2]: success changing link: success
Aug 27 21:01:59 localhost NetworkManager[1578]: <debug> [1598562119.3926] platform-linux: sysctl: setting '/proc/sys/net/ipv6/conf/enp0s3/disable_ipv6' to '1' (current value is '0')
Aug 27 21:01:59 localhost NetworkManager[1578]: <debug> [1598562119.3936] platform-linux: sysctl: setting '/proc/sys/net/ipv6/conf/enp0s3/disable_ipv6' to '0' (current value is '1')
Aug 27 21:01:59 localhost NetworkManager[1578]: <debug> [1598562119.3938] platform-linux: sysctl: setting '/proc/sys/net/ipv6/conf/enp0s3/accept_ra' to '0' (current value is '1')
Aug 27 21:01:59 localhost NetworkManager[1578]: <debug> [1598562119.3941] platform-linux: sysctl: setting '/proc/sys/net/ipv6/conf/enp0s3/use_tempaddr' to '0' (current value is identical)
Aug 27 21:01:59 localhost NetworkManager[1578]: <debug> [1598562119.3942] platform-linux: sysctl: setting '/proc/sys/net/ipv6/conf/enp0s3/forwarding' to '0' (current value is identical)
Aug 27 21:01:59 localhost kernel: IPv6: ADDRCONF(NETDEV_UP): enp0s3: link is not ready
Aug 27 21:01:59 localhost NetworkManager[1578]: <debug> [1598562119.3947] device[78160529a5a3f25d] (enp0s3): bringing up device 2
Aug 27 21:01:59 localhost NetworkManager[1578]: <debug> [1598562119.3949] platform: (enp0s3) link: setting up
Aug 27 21:01:59 localhost NetworkManager[1578]: <debug> [1598562119.3950] platform-linux: link: change 2: flags: set 0x1/0x1 ([up] / [up])
Aug 27 21:01:59 localhost dbus-daemon[1590]: [system] Successfully activated service 'org.freedesktop.nm_dispatcher'
Aug 27 21:01:59 localhost systemd[1]: Started Network Manager Script Dispatcher Service.
Aug 27 21:01:59 localhost nm-dispatcher[1629]: req:1 'hostname': new request (3 scripts)
Aug 27 21:01:59 localhost nm-dispatcher[1629]: req:1 'hostname': environment: PATH=/usr/local/sbin:/usr/local/bin:/usr/sbin:/usr/bin
Aug 27 21:01:59 localhost nm-dispatcher[1629]: req:1 'hostname': environment: NM_DISPATCHER_ACTION=hostname
Aug 27 21:01:59 localhost nm-dispatcher[1629]: req:1 'hostname': start running ordered scripts...
Aug 27 21:01:59 localhost nm-dispatcher[1629]: req:1 'hostname', "/etc/NetworkManager/dispatcher.d/04-iscsi": run script
Aug 27 21:01:59 localhost kernel: IPv6: ADDRCONF(NETDEV_UP): enp0s3: link is not ready
Aug 27 21:01:59 localhost kernel: 8021q: adding VLAN 0 to HW filter on device enp0s3
Aug 27 21:01:59 localhost kernel: e1000: enp0s3 NIC Link is Up 1000 Mbps Full Duplex, Flow Control: RX
Aug 27 21:01:59 localhost NetworkManager[1578]: <debug> [1598562119.4126] platform-linux: do-request-link: 2 
Aug 27 21:01:59 localhost NetworkManager[1578]: <debug> [1598562119.4128] platform: (enp0s3) signal: link changed: 2: enp0s3 <UP;broadcast,multicast,up> mtu 1500 arp 1 ethernet? init addrgenmode none addr 08:00:27:38:E6:E4 brd FF:FF:FF:FF:FF:FF driver e1000 rx:0,0 tx:0,0
Aug 27 21:01:59 localhost kernel: IPv6: ADDRCONF(NETDEV_CHANGE): enp0s3: link becomes ready
Aug 27 21:01:59 localhost NetworkManager[1578]: <debug> [1598562119.4130] platform: (enp0s3) signal: route   6   added: table 255 ff00::/8 via :: dev 2 metric 256 mss 0 rt-src rt-boot
Aug 27 21:01:59 localhost NetworkManager[1578]: <debug> [1598562119.4132] platform: (enp0s3) signal: link changed: 2: enp0s3 <UP,LOWER_UP;broadcast,multicast,up,running,lowerup> mtu 1500 arp 1 ethernet? init addrgenmode none addr 08:00:27:38:E6:E4 brd FF:FF:FF:FF:FF:FF driver e1000 rx:0,0 tx:0,0
Aug 27 21:01:59 localhost NetworkManager[1578]: <debug> [1598562119.4134] platform-linux: do-change-link[2]: success changing link: success
Aug 27 21:01:59 localhost NetworkManager[1578]: <info>  [1598562119.4151] device (enp0s3): carrier: link connected
Aug 27 21:01:59 localhost NetworkManager[1578]: <debug> [1598562119.4153] device[78160529a5a3f25d] (enp0s3): speed is now 1000 Mb/s
Aug 27 21:01:59 localhost nm-dispatcher[1629]: req:1 'hostname', "/etc/NetworkManager/dispatcher.d/04-iscsi": complete
Aug 27 21:01:59 localhost nm-dispatcher[1629]: req:1 'hostname', "/etc/NetworkManager/dispatcher.d/11-dhclient": run script
Aug 27 21:01:59 localhost NetworkManager[1578]: <debug> [1598562119.4174] device[78160529a5a3f25d] (enp0s3): add_pending_action (2): 'queued-state-change-disconnected'
Aug 27 21:01:59 localhost NetworkManager[1578]: <debug> [1598562119.4175] device[78160529a5a3f25d] (enp0s3): queue-state[disconnected, reason:carrier-changed, id:27]: queue state change
Aug 27 21:01:59 localhost NetworkManager[1578]: <debug> [1598562119.4177] device[78160529a5a3f25d] (enp0s3): preparing device
Aug 27 21:01:59 localhost NetworkManager[1578]: <debug> [1598562119.4179] device[78160529a5a3f25d] (enp0s3): queue-state[disconnected, reason:carrier-changed, id:27]: clear queued state change
Aug 27 21:01:59 localhost NetworkManager[1578]: <debug> [1598562119.4182] device[78160529a5a3f25d] (enp0s3): remove_pending_action (1): 'queued-state-change-disconnected'
Aug 27 21:01:59 localhost NetworkManager[1578]: <debug> [1598562119.4184] device[78160529a5a3f25d] (enp0s3): clearing queued IP4 config change
Aug 27 21:01:59 localhost NetworkManager[1578]: <debug> [1598562119.4185] device[78160529a5a3f25d] (enp0s3): clearing queued IP6 config change
Aug 27 21:01:59 localhost NetworkManager[1578]: <debug> [1598562119.4189] platform-linux: sysctl: setting '/proc/sys/net/ipv6/conf/enp0s3/use_tempaddr' to '0' (current value is identical)
Aug 27 21:01:59 localhost NetworkManager[1578]: <debug> [1598562119.4231] platform: (enp0s3) ip6-route: delete table 255 ff00::/8 via :: dev 2 metric 256 mss 0 rt-src rt-boot
Aug 27 21:01:59 localhost NetworkManager[1578]: <debug> [1598562119.4248] platform: (enp0s3) signal: route   6 removed: table 255 ff00::/8 via :: dev 2 metric 256 mss 0 rt-src rt-boot
Aug 27 21:01:59 localhost NetworkManager[1578]: <debug> [1598562119.4258] device[78160529a5a3f25d] (enp0s3): queued IP6 config change
Aug 27 21:01:59 localhost NetworkManager[1578]: <debug> [1598562119.4260] platform-linux: do-delete-ip6-route[table 255 ff00::/8 via :: dev 2 metric 256 mss 0 rt-src rt-boot]: success
Aug 27 21:01:59 localhost NetworkManager[1578]: <debug> [1598562119.4261] rules-manager: sync
Aug 27 21:01:59 localhost NetworkManager[1578]: <debug> [1598562119.4262] device[78160529a5a3f25d] (enp0s3): ip4-config: update (commit=1, new-config=(nil))
Aug 27 21:01:59 localhost NetworkManager[1578]: <debug> [1598562119.4263] device[78160529a5a3f25d] (enp0s3): ip4-config: clear IP Config instance (/org/freedesktop/NetworkManager/IP4Config/1)
Aug 27 21:01:59 localhost NetworkManager[1578]: <debug> [1598562119.4271] dns-mgr: (device_ip_config_changed): queueing DNS updates (1)
Aug 27 21:01:59 localhost NetworkManager[1578]: <debug> [1598562119.4272] dns-mgr: (device_ip_config_changed): DNS configuration did not change
Aug 27 21:01:59 localhost NetworkManager[1578]: <debug> [1598562119.4273] dns-mgr: (device_ip_config_changed): no DNS changes to commit (0)
Aug 27 21:01:59 localhost NetworkManager[1578]: <debug> [1598562119.4279] device[78160529a5a3f25d] (enp0s3): ip6-config: update (commit=1, new-config=(nil))
Aug 27 21:01:59 localhost NetworkManager[1578]: <debug> [1598562119.4281] device[78160529a5a3f25d] (enp0s3): ip6-config: clear IP Config instance (/org/freedesktop/NetworkManager/IP6Config/1)
Aug 27 21:01:59 localhost NetworkManager[1578]: <debug> [1598562119.4291] dns-mgr: (device_ip_config_changed): queueing DNS updates (1)
Aug 27 21:01:59 localhost NetworkManager[1578]: <debug> [1598562119.4293] dns-mgr: (device_ip_config_changed): DNS configuration did not change
Aug 27 21:01:59 localhost NetworkManager[1578]: <debug> [1598562119.4294] dns-mgr: (device_ip_config_changed): no DNS changes to commit (0)
Aug 27 21:01:59 localhost NetworkManager[1578]: <debug> [1598562119.4333] device[78160529a5a3f25d] (enp0s3): add_pending_action (2): 'recheck-available'
Aug 27 21:01:59 localhost nm-dispatcher[1629]: req:1 'hostname', "/etc/NetworkManager/dispatcher.d/11-dhclient": complete
Aug 27 21:01:59 localhost nm-dispatcher[1629]: req:1 'hostname', "/etc/NetworkManager/dispatcher.d/20-chrony": run script
Aug 27 21:01:59 localhost NetworkManager[1578]: <debug> [1598562119.4409] device[78160529a5a3f25d] (enp0s3): connectivity state changed from UNKNOWN to NONE
Aug 27 21:01:59 localhost NetworkManager[1578]: <debug> [1598562119.4415] manager: connectivity checking indicates NONE
Aug 27 21:01:59 localhost NetworkManager[1578]: <debug> [1598562119.4421] dispatcher: (2) dispatching action 'connectivity-change'
Aug 27 21:01:59 localhost nm-dispatcher[1629]: req:1 'hostname', "/etc/NetworkManager/dispatcher.d/20-chrony": complete
Aug 27 21:01:59 localhost nm-dispatcher[1629]: req:1 'hostname': completed (3 scripts)
Aug 27 21:01:59 localhost nm-dispatcher[1629]: req:2 'connectivity-change': new request (3 scripts)
Aug 27 21:01:59 localhost nm-dispatcher[1629]: req:2 'connectivity-change': environment: CONNECTIVITY_STATE=NONE
Aug 27 21:01:59 localhost nm-dispatcher[1629]: req:2 'connectivity-change': environment: PATH=/usr/local/sbin:/usr/local/bin:/usr/sbin:/usr/bin
Aug 27 21:01:59 localhost nm-dispatcher[1629]: req:2 'connectivity-change': environment: NM_DISPATCHER_ACTION=connectivity-change
Aug 27 21:01:59 localhost nm-dispatcher[1629]: req:2 'connectivity-change': start running ordered scripts...
Aug 27 21:01:59 localhost nm-dispatcher[1629]: req:2 'connectivity-change', "/etc/NetworkManager/dispatcher.d/04-iscsi": run script
Aug 27 21:01:59 localhost NetworkManager[1578]: <debug> [1598562119.4451] device[78160529a5a3f25d] (enp0s3): connectivity state changed from UNKNOWN to NONE
Aug 27 21:01:59 localhost NetworkManager[1578]: <debug> [1598562119.4465] device[78160529a5a3f25d] (enp0s3): remove_pending_action (1): 'in-state-change'
Aug 27 21:01:59 localhost NetworkManager[1578]: <debug> [1598562119.4486] create NMVpnManager singleton (d4b05bd7235341c5)
Aug 27 21:01:59 localhost NetworkManager[1578]: <debug> [1598562119.4487] manager: creating virtual devices...
Aug 27 21:01:59 localhost NetworkManager[1578]: <debug> [1598562119.4489] setting up local loopback
Aug 27 21:01:59 localhost NetworkManager[1578]: <debug> [1598562119.4490] platform: (lo) link: setting up
Aug 27 21:01:59 localhost NetworkManager[1578]: <debug> [1598562119.4491] platform-linux: link: change 1: flags: set 0x1/0x1 ([up] / [up])
Aug 27 21:01:59 localhost NetworkManager[1578]: <debug> [1598562119.4492] platform-linux: do-request-link: 1 
Aug 27 21:01:59 localhost NetworkManager[1578]: <debug> [1598562119.4494] platform-linux: do-change-link[1]: success changing link: success
Aug 27 21:01:59 localhost nm-dispatcher[1629]: req:2 'connectivity-change', "/etc/NetworkManager/dispatcher.d/04-iscsi": complete
Aug 27 21:01:59 localhost nm-dispatcher[1629]: req:2 'connectivity-change', "/etc/NetworkManager/dispatcher.d/11-dhclient": run script
Aug 27 21:01:59 localhost NetworkManager[1578]: <debug> [1598562119.4594] dispatcher: (1) /etc/NetworkManager/dispatcher.d/04-iscsi succeeded
